<html>
<body>
<pre>
<h1>µVision Build Log</h1>
<h2>Tool Versions:</h2>
IDE-Version: ¦ÌVision V5.38.0.0
Copyright (C) 2022 ARM Ltd and ARM Germany GmbH. All rights reserved.
License Information: w d, y, LIC=PE7DL-0WSFV-45MT5-GGJ76-3CTLX-B9JUA
 
Tool Versions:
Toolchain:       MDK-ARM Plus  Version: 5.38.0.0
Toolchain Path:  D:\Keil_v5\ARM\ARMCC\Bin
C Compiler:      Armcc.exe V5.06 update 7 (build 960)
Assembler:       Armasm.exe V5.06 update 7 (build 960)
Linker/Locator:  ArmLink.exe V5.06 update 7 (build 960)
Library Manager: ArmAr.exe V5.06 update 7 (build 960)
Hex Converter:   FromElf.exe V5.06 update 7 (build 960)
CPU DLL:         SARMCM3.DLL V5.38.0.0
Dialog DLL:      DCM.DLL V1.17.5.0
Target DLL:      Segger\JL2CM3.dll V2.99.42.0
Dialog DLL:      TCM.DLL V1.56.4.0
 
<h2>Project:</h2>
E:\yftech_doc\ble\nordic\DeviceDownload\nRF5_SDK_17.1.0_ddde560\examples\ble_peripheral\ble_app_hrs_freertos\pca10056\s140\arm5_no_packs\ble_app_hrs_freertos_pca10056_s140.uvprojx
Project File Date:  04/02/2025

<h2>Output:</h2>
*** Using Compiler 'V5.06 update 7 (build 960)', folder: 'D:\Keil_v5\ARM\ARMCC\Bin'
Build target 'nrf52840_xxaa'
compiling port.c...
compiling croutine.c...
compiling stream_buffer.c...
compiling heap_1.c...
compiling list.c...
compiling port_cmsis.c...
compiling event_groups.c...
compiling timers.c...
compiling utf.c...
compiling queue.c...
compiling boards.c...
compiling tasks.c...
compiling bsp.c...
compiling bsp_btn_ble.c...
compiling port_cmsis_systick.c...
compiling main.c...
compiling auth_status_tracker.c...
compiling ble_srv_common.c...
compiling ble_advdata.c...
compiling ble_advertising.c...
compiling ble_conn_params.c...
compiling ble_conn_state.c...
compiling nrf_ble_qwr.c...
compiling gatt_cache_manager.c...
compiling gatts_cache_manager.c...
compiling nrf_ble_gatt.c...
compiling peer_id.c...
compiling peer_data_storage.c...
compiling id_manager.c...
compiling peer_database.c...
compiling peer_manager.c...
compiling pm_buffer.c...
compiling peer_manager_handler.c...
compiling ble_hrs.c...
compiling ble_dis.c...
compiling ble_bas.c...
compiling security_manager.c...
compiling security_dispatcher.c...
compiling nrf_drv_uart.c...
compiling nrfx_atomic.c...
compiling nrfx_clock.c...
compiling nrf_drv_clock.c...
compiling nrfx_prs.c...
compiling app_error.c...
compiling nrfx_uart.c...
compiling nrfx_gpiote.c...
compiling nrfx_uarte.c...
compiling app_button.c...
compiling app_error_handler_keil.c...
compiling app_util_platform.c...
compiling crc16.c...
compiling app_error_weak.c...
compiling app_timer_freertos.c...
compiling nrf_assert.c...
compiling hardfault_handler_keil.c...
compiling hardfault_implementation.c...
compiling nrf_atfifo.c...
compiling sensorsim.c...
compiling nrf_atomic.c...
compiling nrf_atflags.c...
compiling fds.c...
compiling nrf_balloc.c...
compiling nrf_fprintf.c...
compiling nrf_fprintf_format.c...
compiling nrf_fstorage.c...
compiling nrf_fstorage_sd.c...
compiling nrf_ringbuf.c...
compiling nrf_strerror.c...
compiling nrf_section_iter.c...
compiling nrf_memobj.c...
assembling arm_startup_nrf52840.s...
compiling nrf_log_backend_rtt.c...
compiling nrf_log_backend_serial.c...
compiling SEGGER_RTT_Syscalls_KEIL.c...
compiling nrf_log_default_backends.c...
compiling SEGGER_RTT_printf.c...
compiling SEGGER_RTT.c...
compiling nrf_log_str_formatter.c...
compiling nrf_log_backend_uart.c...
compiling nrf_log_frontend.c...
compiling nrf_sdh.c...
compiling nrf_sdh_soc.c...
compiling nrf_sdh_ble.c...
compiling system_nrf52.c...
compiling nrf_sdh_freertos.c...
linking...
Program Size: Code=50584 RO-data=8700 RW-data=824 ZI-data=10832  
FromELF: creating hex file...
".\_build\nrf52840_xxaa.axf" - 0 Error(s), 0 Warning(s).

<h2>Software Packages used:</h2>

Package Vendor: ARM
                http://www.keil.com/pack/ARM.CMSIS.5.6.0.pack
                ARM.CMSIS.5.6.0
                CMSIS (Cortex Microcontroller Software Interface Standard)
   * Component: CORE Version: 5.3.0

Package Vendor: NordicSemiconductor
                http://developer.nordicsemi.com/nRF5_SDK/pieces/nRF_DeviceFamilyPack/NordicSemiconductor.nRF_DeviceFamilyPack.8.40.3.pack
                NordicSemiconductor.nRF_DeviceFamilyPack.8.40.3
                Nordic Semiconductor nRF ARM devices Device Family Pack with BSD license.
   * Component: Startup Version: 8.40.3

<h2>Collection of Component include folders:</h2>
  ./RTE/_nrf52840_xxaa
  D:/Keil_v5/keil_pack/ARM/CMSIS/5.6.0/CMSIS/Core/Include
  D:/Keil_v5/keil_pack/NordicSemiconductor/nRF_DeviceFamilyPack/8.40.3/Device/Include

<h2>Collection of Component Files used:</h2>

   * Component: ARM::CMSIS:CORE:5.3.0

   * Component: NordicSemiconductor::Device:Startup:8.40.3
      Source file:   Device/Source/arm/arm_startup_nrf52840.s
      Source file:   Device/Source/system_nrf52.c
      Include file:  Device/Include/system_nrf52840.h
      Include file:  Device/Include/system_nrf.h
Build Time Elapsed:  00:00:11
</pre>
</body>
</html>
