Component: ARM Compiler 5.06 update 5 (build 528) Tool: armlink [4d35e2]

==============================================================================

Section Cross References

    main.o(i.advertising_start) refers to nrf_log_frontend.o(i.nrf_log_frontend_std_0) for nrf_log_frontend_std_0
    main.o(i.advertising_start) refers to peer_manager.o(i.pm_peers_delete) for pm_peers_delete
    main.o(i.advertising_start) refers to ble_advertising.o(i.ble_advertising_start) for ble_advertising_start
    main.o(i.advertising_start) refers to app_error.o(i.app_error_handler_bare) for app_error_handler_bare
    main.o(i.advertising_start) refers to nrf_log_frontend.o(log_const_data) for m_nrf_log_app_logs_data_const
    main.o(i.advertising_start) refers to main.o(.bss) for .bss
    main.o(i.assert_nrf_callback) refers to app_error_handler_keil.o(.emb_text) for app_error_handler
    main.o(i.ble_evt_handler) refers to nrf_log_frontend.o(i.nrf_log_frontend_std_0) for nrf_log_frontend_std_0
    main.o(i.ble_evt_handler) refers to bsp.o(i.bsp_indication_set) for bsp_indication_set
    main.o(i.ble_evt_handler) refers to app_error.o(i.app_error_handler_bare) for app_error_handler_bare
    main.o(i.ble_evt_handler) refers to nrf_ble_qwr.o(i.nrf_ble_qwr_conn_handle_assign) for nrf_ble_qwr_conn_handle_assign
    main.o(i.ble_evt_handler) refers to nrf_log_frontend.o(log_const_data) for m_nrf_log_app_logs_data_const
    main.o(i.ble_evt_handler) refers to main.o(.data) for .data
    main.o(i.ble_evt_handler) refers to main.o(.bss) for .bss
    main.o(i.bsp_event_handler) refers to main.o(i.sleep_mode_enter) for sleep_mode_enter
    main.o(i.bsp_event_handler) refers to app_error.o(i.app_error_handler_bare) for app_error_handler_bare
    main.o(i.bsp_event_handler) refers to ble_advertising.o(i.ble_advertising_restart_without_whitelist) for ble_advertising_restart_without_whitelist
    main.o(i.bsp_event_handler) refers to main.o(.data) for .data
    main.o(i.bsp_event_handler) refers to main.o(.bss) for .bss
    main.o(i.conn_params_error_handler) refers to app_error.o(i.app_error_handler_bare) for app_error_handler_bare
    main.o(i.main) refers to nrf_log_frontend.o(i.nrf_log_init) for nrf_log_init
    main.o(i.main) refers to app_error.o(i.app_error_handler_bare) for app_error_handler_bare
    main.o(i.main) refers to nrf_log_default_backends.o(i.nrf_log_default_backends_init) for nrf_log_default_backends_init
    main.o(i.main) refers to app_timer2.o(i.app_timer_init) for app_timer_init
    main.o(i.main) refers to bsp.o(i.bsp_init) for bsp_init
    main.o(i.main) refers to bsp_btn_ble.o(i.bsp_btn_ble_init) for bsp_btn_ble_init
    main.o(i.main) refers to nrf_pwr_mgmt.o(i.nrf_pwr_mgmt_init) for nrf_pwr_mgmt_init
    main.o(i.main) refers to nrf_sdh.o(i.nrf_sdh_enable_request) for nrf_sdh_enable_request
    main.o(i.main) refers to nrf_sdh_ble.o(i.nrf_sdh_ble_default_cfg_set) for nrf_sdh_ble_default_cfg_set
    main.o(i.main) refers to nrf_sdh_ble.o(i.nrf_sdh_ble_enable) for nrf_sdh_ble_enable
    main.o(i.main) refers to nrf_ble_gatt.o(i.nrf_ble_gatt_init) for nrf_ble_gatt_init
    main.o(i.main) refers to memseta.o(.text) for __aeabi_memclr4
    main.o(i.main) refers to ble_advertising.o(i.ble_advertising_init) for ble_advertising_init
    main.o(i.main) refers to ble_advertising.o(i.ble_advertising_conn_cfg_tag_set) for ble_advertising_conn_cfg_tag_set
    main.o(i.main) refers to nrf_ble_qwr.o(i.nrf_ble_qwr_init) for nrf_ble_qwr_init
    main.o(i.main) refers to ble_conn_params.o(i.ble_conn_params_init) for ble_conn_params_init
    main.o(i.main) refers to main.o(i.peer_manager_init) for peer_manager_init
    main.o(i.main) refers to nrf_log_frontend.o(i.nrf_log_frontend_std_0) for nrf_log_frontend_std_0
    main.o(i.main) refers to main.o(i.advertising_start) for advertising_start
    main.o(i.main) refers to nrf_log_frontend.o(i.nrf_log_frontend_dequeue) for nrf_log_frontend_dequeue
    main.o(i.main) refers to nrf_pwr_mgmt.o(i.nrf_pwr_mgmt_run) for nrf_pwr_mgmt_run
    main.o(i.main) refers to main.o(i.bsp_event_handler) for bsp_event_handler
    main.o(i.main) refers to main.o(.bss) for .bss
    main.o(i.main) refers to main.o(.data) for .data
    main.o(i.main) refers to main.o(i.on_adv_evt) for on_adv_evt
    main.o(i.main) refers to main.o(i.nrf_qwr_error_handler) for nrf_qwr_error_handler
    main.o(i.main) refers to main.o(i.on_conn_params_evt) for on_conn_params_evt
    main.o(i.main) refers to main.o(i.conn_params_error_handler) for conn_params_error_handler
    main.o(i.main) refers to nrf_log_frontend.o(log_const_data) for m_nrf_log_app_logs_data_const
    main.o(i.nrf_qwr_error_handler) refers to app_error.o(i.app_error_handler_bare) for app_error_handler_bare
    main.o(i.on_adv_evt) refers to nrf_log_frontend.o(i.nrf_log_frontend_std_0) for nrf_log_frontend_std_0
    main.o(i.on_adv_evt) refers to bsp.o(i.bsp_indication_set) for bsp_indication_set
[...]
    sdh_ble_observers1$$Base                 0x00032550   Number         0  main.o(sdh_ble_observers1)
    sdh_ble_observers1$$Limit                0x00032578   Number         0  peer_manager.o(sdh_ble_observers1)
    sdh_ble_observers2$$Base                 0x00032578   Number         0  main.o(sdh_ble_observers2)
    sdh_ble_observers2$$Limit                0x00032580   Number         0  main.o(sdh_ble_observers2)
    sdh_ble_observers3$$Base                 0x00032580   Number         0  main.o(sdh_ble_observers3)
    m_req_obs                                0x00032588   Data           8  nrf_fstorage_sd.o(sdh_req_observers0)
    sdh_ble_observers3$$Limit                0x00032588   Number         0  main.o(sdh_ble_observers3)
    sdh_req_observers0$$Base                 0x00032588   Number         0  nrf_fstorage_sd.o(sdh_req_observers0)
    sdh_req_observers0$$Limit                0x00032590   Number         0  nrf_fstorage_sd.o(sdh_req_observers0)
    sdh_soc_observers0$$Base                 0x00032590   Number         0  nrf_drv_clock.o(sdh_soc_observers0)
    sdh_soc_observers0$$Limit                0x000325a0   Number         0  nrf_fstorage_sd.o(sdh_soc_observers0)
    sdh_stack_observers0$$Base               0x000325a0   Number         0  nrf_sdh_ble.o(sdh_stack_observers0)
    sdh_stack_observers0$$Limit              0x000325b0   Number         0  nrf_sdh_soc.o(sdh_stack_observers0)
    sdh_state_observers0$$Base               0x000325b0   Number         0  nrf_drv_clock.o(sdh_state_observers0)
    sdh_state_observers0$$Limit              0x000325c0   Number         0  nrf_fstorage_sd.o(sdh_state_observers0)
    Image$$RW_IRAM1$$Base                    0x20002250   Number         0  anon$$obj.o ABSOLUTE
    nrf_drv_uart_use_easy_dma                0x20002398   Data           1  nrf_drv_uart.o(.data)
    m_uart                                   0x20002464   Data          20  nrf_log_backend_uart.o(.data)
    SystemCoreClock                          0x200024d8   Data           4  system_nrf52.o(.data)
    fs_data$$Base                            0x200024dc   Number         0  fds.o(fs_data)
    m_fs                                     0x200024dc   Data          20  fds.o(fs_data)
    fs_data$$Limit                           0x200024f0   Number         0  fds.o(fs_data)
    nrf_nvic_state                           0x20002e38   Data          12  app_util_platform.o(.bss)
    __initial_sp                             0x200055a8   Data           0  arm_startup_nrf52.o(STACK)



==============================================================================

Memory Map of the image

  Image Entry point : 0x00026201

  Load Region LR_IROM1 (Base: 0x00026000, Size: 0x0000c860, Max: 0x0005a000, ABSOLUTE, COMPRESSED[0x0000c66c])

    Execution Region ER_IROM1 (Exec base: 0x00026000, Load base: 0x00026000, Size: 0x0000c5c0, Max: 0x0005a000, ABSOLUTE)

    Exec Addr    Load Addr    Size         Type   Attr      Idx    E Section Name        Object

    0x00026000   0x00026000   0x00000200   Data   RO         7111    RESET               arm_startup_nrf52.o
    0x00026200   0x00026200   0x00000000   Code   RO         7180  * .ARM.Collect$$$$00000000  mc_w.l(entry.o)
    0x00026200   0x00026200   0x00000004   Code   RO         7234    .ARM.Collect$$$$00000001  mc_w.l(entry2.o)
    0x00026204   0x00026204   0x00000004   Code   RO         7237    .ARM.Collect$$$$00000004  mc_w.l(entry5.o)
    0x00026208   0x00026208   0x00000000   Code   RO         7239    .ARM.Collect$$$$00000008  mc_w.l(entry7b.o)
    0x00026208   0x00026208   0x00000000   Code   RO         7241    .ARM.Collect$$$$0000000A  mc_w.l(entry8b.o)
    0x00026208   0x00026208   0x00000008   Code   RO         7242    .ARM.Collect$$$$0000000B  mc_w.l(entry9a.o)
    0x00026210   0x00026210   0x00000000   Code   RO         7244    .ARM.Collect$$$$0000000D  mc_w.l(entry10a.o)
    0x00026210   0x00026210   0x00000000   Code   RO         7246    .ARM.Collect$$$$0000000F  mc_w.l(entry11a.o)
    0x00026210   0x00026210   0x00000004   Code   RO         7235    .ARM.Collect$$$$00002712  mc_w.l(entry2.o)
    0x00026214   0x00026214   0x000000c8   Code   RO         5177    .emb_text           nrf_atfifo.o
    0x000262dc   0x000262dc   0x000000e2   Code   RO         5313    .emb_text           nrf_atomic.o
    0x000263be   0x000263be   0x00000002   PAD
    0x000263c0   0x000263c0   0x00000024   Code   RO         7112    .text               arm_startup_nrf52.o
    0x000263e4   0x000263e4   0x00000062   Code   RO         7188    .text               mc_w.l(uldiv.o)
    0x00026446   0x00026446   0x0000001e   Code   RO         7190    .text               mc_w.l(llshl.o)
    0x00026464   0x00026464   0x00000008   Code   RO         7192    .text               mc_w.l(ctype_o.o)
    0x0002646c   0x0002646c   0x00000024   Code   RO         7220    .text               mc_w.l(memcpya.o)
    0x00026490   0x00026490   0x00000024   Code   RO         7222    .text               mc_w.l(memseta.o)
    0x000264b4   0x000264b4   0x0000000e   Code   RO         7224    .text               mc_w.l(strlen.o)
    0x000264c2   0x000264c2   0x0000001a   Code   RO         7228    .text               mc_w.l(memcmp.o)
    0x000264dc   0x000264dc   0x00000020   Code   RO         7249    .text               mc_w.l(llushr.o)
    0x000264fc   0x000264fc   0x00000024   Code   RO         7252    .text               mc_w.l(init.o)
    0x00026520   0x00026520   0x00000056   Code   RO         7262    .text               mc_w.l(__dczerorl2.o)
    0x00026576   0x00026576   0x00000002   PAD
    0x00026578   0x00026578   0x000000a4   Code   RO         3444    i.GPIOTE_IRQHandler  nrfx_gpiote.o
    0x0002661c   0x0002661c   0x00000058   Code   RO         3305    i.POWER_CLOCK_IRQHandler  nrfx_clock.o
    0x00026674   0x00026674   0x00000010   Code   RO         4641    i.RTC1_IRQHandler   drv_rtc.o
    0x00026684   0x00026684   0x00000004   Code   RO         6902    i.SWI2_EGU2_IRQHandler  nrf_sdh.o
    0x00026688   0x00026688   0x000002d8   Code   RO         7120    i.SystemInit        system_nrf52.o
    0x00026960   0x00026960   0x0000000c   Code   RO         3749    i.UARTE0_UART0_IRQHandler  nrfx_prs.o
    0x0002696c   0x0002696c   0x0000000e   Code   RO         7256    i.__scatterload_copy  mc_w.l(handlers.o)
    0x0002697a   0x0002697a   0x00000002   Code   RO         7257    i.__scatterload_null  mc_w.l(handlers.o)
    0x0002697c   0x0002697c   0x0000000e   Code   RO         7258    i.__scatterload_zeroinit  mc_w.l(handlers.o)
    0x0002698a   0x0002698a   0x00000002   PAD
    0x0002698c   0x0002698c   0x00000024   Code   RO         6903    i.__sd_nvic_app_accessible_irq  nrf_sdh.o
    0x000269b0   0x000269b0   0x0000013c   Code   RO         2500    i._conn_secure      peer_manager_handler.o
    0x00026aec   0x00026aec   0x00000026   Code   RO         1524    i.addr_compare      id_manager.o
    0x00026b12   0x00026b12   0x0000000c   Code   RO         5565    i.addr_is_aligned32  nrf_fstorage.o
    0x00026b1e   0x00026b1e   0x00000018   Code   RO         5566    i.addr_is_within_bounds  nrf_fstorage.o
    0x00026b36   0x00026b36   0x00000010   Code   RO          865    i.adv_set_data_size_max_get  ble_advertising.o
    0x00026b46   0x00026b46   0x00000036   Code   RO          631    i.advertising_buttons_configure  bsp_btn_ble.o
    0x00026b7c   0x00026b7c   0x00000050   Code   RO            4    i.advertising_start  main.o
    0x00026bcc   0x00026bcc   0x00000052   Code   RO         1525    i.ah                id_manager.o
    0x00026c1e   0x00026c1e   0x00000006   Code   RO          514    i.alert_timer_handler  bsp.o
    0x00026c24   0x00026c24   0x0000000c   Code   RO         2644    i.allow_repairing   security_dispatcher.o
    0x00026c30   0x00026c30   0x00000024   Code   RO         4152    i.app_button_enable  app_button.o
    0x00026c54   0x00026c54   0x00000080   Code   RO         4153    i.app_button_init   app_button.o
    0x00026cd4   0x00026cd4   0x00000084   Code   RO         4310    i.app_error_fault_handler  app_error_weak.o
    0x00026d58   0x00026d58   0x00000016   Code   RO         4250    i.app_error_handler_bare  app_error.o
    0x00026d6e   0x00026d6e   0x00000002   PAD
    0x00026d70   0x00026d70   0x0000000c   Code   RO         4405    i.app_timer_cnt_get  app_timer2.o
    0x00026d7c   0x00026d7c   0x00000020   Code   RO         4406    i.app_timer_create  app_timer2.o
    0x00026d9c   0x00026d9c   0x0000005c   Code   RO         4407    i.app_timer_init    app_timer2.o
    0x00026df8   0x00026df8   0x00000054   Code   RO         4410    i.app_timer_start   app_timer2.o
    0x00026e4c   0x00026e4c   0x00000044   Code   RO         4411    i.app_timer_stop    app_timer2.o
    0x00026e90   0x00026e90   0x00000048   Code   RO         4546    i.app_util_critical_region_enter  app_util_platform.o
    0x00026ed8   0x00026ed8   0x00000034   Code   RO         4547    i.app_util_critical_region_exit  app_util_platform.o
    0x00026f0c   0x00026f0c   0x00000088   Code   RO         3803    i.apply_config      nrfx_uart.o
    0x00026f94   0x00026f94   0x00000088   Code   RO         3991    i.apply_config      nrfx_uarte.o
    0x0002701c   0x0002701c   0x00000004   Code   RO         1263    i.apply_pending_handle  gatt_cache_manager.o
    0x00027020   0x00027020   0x00000180   Code   RO         2645    i.auth_status_success_process  security_dispatcher.o
    0x000271a0   0x000271a0   0x00000182   Code   RO          759    i.ble_advdata_encode  ble_advdata.o
    0x00027322   0x00027322   0x00000020   Code   RO          761    i.ble_advdata_parse  ble_advdata.o
    0x00027342   0x00027342   0x00000046   Code   RO          762    i.ble_advdata_search  ble_advdata.o
    0x00027388   0x00027388   0x00000006   Code   RO          867    i.ble_advertising_conn_cfg_tag_set  ble_advertising.o
    0x0002738e   0x0002738e   0x000000f8   Code   RO          868    i.ble_advertising_init  ble_advertising.o
    0x00027486   0x00027486   0x0000006a   Code   RO          870    i.ble_advertising_on_ble_evt  ble_advertising.o
    0x000274f0   0x000274f0   0x0000003a   Code   RO          872    i.ble_advertising_restart_without_whitelist  ble_advertising.o
    0x0002752a   0x0002752a   0x00000230   Code   RO          873    i.ble_advertising_start  ble_advertising.o
    0x0002775a   0x0002775a   0x00000002   PAD
    0x0002775c   0x0002775c   0x00000068   Code   RO          958    i.ble_conn_params_init  ble_conn_params.o
    0x000277c4   0x000277c4   0x00000020   Code   RO         1034    i.ble_conn_state_encrypted  ble_conn_state.o
    0x000277e4   0x000277e4   0x0000002c   Code   RO         1036    i.ble_conn_state_for_each_set_user_flag  ble_conn_state.o
    0x00027810   0x00027810   0x00000020   Code   RO         1038    i.ble_conn_state_lesc  ble_conn_state.o
    0x00027830   0x00027830   0x00000020   Code   RO         1039    i.ble_conn_state_mitm_protected  ble_conn_state.o
    0x00027850   0x00027850   0x00000024   Code   RO         1042    i.ble_conn_state_role  ble_conn_state.o
    0x00027874   0x00027874   0x00000024   Code   RO         1043    i.ble_conn_state_status  ble_conn_state.o
    0x00027898   0x00027898   0x00000018   Code   RO         1044    i.ble_conn_state_user_flag_acquire  ble_conn_state.o
    0x000278b0   0x000278b0   0x00000030   Code   RO         1045    i.ble_conn_state_user_flag_get  ble_conn_state.o
    0x000278e0   0x000278e0   0x00000038   Code   RO         1046    i.ble_conn_state_user_flag_set  ble_conn_state.o
    0x00027918   0x00027918   0x00000014   Code   RO         1047    i.ble_conn_state_valid  ble_conn_state.o
    0x0002792c   0x0002792c   0x00000060   Code   RO          765    i.ble_device_addr_encode  ble_advdata.o
    0x0002798c   0x0002798c   0x000000b4   Code   RO            6    i.ble_evt_handler   main.o
    0x00027a40   0x00027a40   0x00000070   Code   RO          632    i.ble_evt_handler   bsp_btn_ble.o
    0x00027ab0   0x00027ab0   0x000000fc   Code   RO          960    i.ble_evt_handler   ble_conn_params.o
    0x00027bac   0x00027bac   0x00000118   Code   RO         1048    i.ble_evt_handler   ble_conn_state.o
    0x00027cc4   0x00027cc4   0x00000084   Code   RO         2188    i.ble_evt_handler   peer_manager.o
    0x00027d48   0x00027d48   0x00000008   Code   RO         1203    i.ble_srv_is_notification_enabled  ble_srv_common.o
    0x00027d50   0x00027d50   0x0000000c   Code   RO          401    i.bsp_board_button_idx_to_pin  boards.o
    0x00027d5c   0x00027d5c   0x00000020   Code   RO          402    i.bsp_board_button_state_get  boards.o
    0x00027d7c   0x00027d7c   0x00000054   Code   RO          403    i.bsp_board_init    boards.o
    0x00027dd0   0x00027dd0   0x00000024   Code   RO          405    i.bsp_board_led_invert  boards.o
    0x00027df4   0x00027df4   0x00000010   Code   RO          406    i.bsp_board_led_off  boards.o
    0x00027e04   0x00027e04   0x00000010   Code   RO          407    i.bsp_board_led_on  boards.o
    0x00027e14   0x00027e14   0x00000020   Code   RO          408    i.bsp_board_led_state_get  boards.o
    0x00027e34   0x00027e34   0x00000012   Code   RO          409    i.bsp_board_leds_off  boards.o
    0x00027e46   0x00027e46   0x00000012   Code   RO          410    i.bsp_board_leds_on  boards.o
    0x00027e58   0x00027e58   0x00000024   Code   RO          411    i.bsp_board_pin_to_button_idx  boards.o
    0x00027e7c   0x00027e7c   0x00000038   Code   RO          633    i.bsp_btn_ble_init  bsp_btn_ble.o
    0x00027eb4   0x00027eb4   0x0000001e   Code   RO          634    i.bsp_btn_ble_sleep_mode_prepare  bsp_btn_ble.o
    0x00027ed2   0x00027ed2   0x00000002   PAD
    0x00027ed4   0x00027ed4   0x00000090   Code   RO          515    i.bsp_button_event_handler  bsp.o
    0x00027f64   0x00027f64   0x0000000c   Code   RO          516    i.bsp_button_is_pressed  bsp.o
    0x00027f70   0x00027f70   0x0000004c   Code   RO            7    i.bsp_event_handler  main.o
    0x00027fbc   0x00027fbc   0x00000044   Code   RO          519    i.bsp_event_to_button_action_assign  bsp.o
    0x00028000   0x00028000   0x00000018   Code   RO          520    i.bsp_indication_set  bsp.o
    0x00028018   0x00028018   0x00000094   Code   RO          521    i.bsp_init          bsp.o
    0x000280ac   0x000280ac   0x000001c8   Code   RO          522    i.bsp_led_indication  bsp.o
    0x00028274   0x00028274   0x00000006   Code   RO          524    i.bsp_wakeup_button_enable  bsp.o
    0x0002827a   0x0002827a   0x00000002   PAD
    0x0002827c   0x0002827c   0x00000094   Code   RO         6295    i.buf_prealloc      nrf_log_frontend.o
    0x00028310   0x00028310   0x0000002e   Code   RO         5525    i.buffer_add        nrf_fprintf_format.o
    0x0002833e   0x0002833e   0x00000002   PAD
    0x00028340   0x00028340   0x00000018   Code   RO         6296    i.buffer_is_empty   nrf_log_frontend.o
    0x00028358   0x00028358   0x00000028   Code   RO         4155    i.button_get        app_button.o
    0x00028380   0x00028380   0x00000008   Code   RO          525    i.button_timer_handler  bsp.o
    0x00028388   0x00028388   0x00000028   Code   RO         1264    i.car_update_needed  gatt_cache_manager.o
    0x000283b0   0x000283b0   0x00000040   Code   RO         1265    i.car_update_pending_handle  gatt_cache_manager.o
    0x000283f0   0x000283f0   0x0000001c   Code   RO         3445    i.channel_free      nrfx_gpiote.o
    0x0002840c   0x0002840c   0x00000048   Code   RO         3446    i.channel_port_alloc  nrfx_gpiote.o
    0x00028454   0x00028454   0x00000010   Code   RO         3447    i.channel_port_get  nrfx_gpiote.o
    0x00028464   0x00028464   0x0000003e   Code   RO         2098    i.claim             peer_id.o
    0x000284a2   0x000284a2   0x00000002   PAD
    0x000284a4   0x000284a4   0x00000028   Code   RO         2960    i.clock_clk_started_notify  nrf_drv_clock.o
    0x000284cc   0x000284cc   0x0000001c   Code   RO         2961    i.clock_irq_handler  nrf_drv_clock.o
    0x000284e8   0x000284e8   0x00000018   Code   RO         4413    i.compare_func      app_timer2.o
    0x00028500   0x00028500   0x0000003e   Code   RO         1049    i.conn_handle_list_get  ble_conn_state.o
    0x0002853e   0x0002853e   0x00000088   Code   RO          766    i.conn_int_encode   ble_advdata.o
    0x000285c6   0x000285c6   0x00000004   Code   RO            8    i.conn_params_error_handler  main.o
    0x000285ca   0x000285ca   0x00000002   PAD
    0x000285cc   0x000285cc   0x00000048   Code   RO          961    i.conn_params_negotiation  ble_conn_params.o
    0x00028614   0x00028614   0x00000044   Code   RO         2646    i.conn_sec_failure  security_dispatcher.o
    0x00028658   0x00028658   0x00000004   Code   RO         2501    i.conn_secure       peer_manager_handler.o
    0x0002865c   0x0002865c   0x000000c0   Code   RO         1693    i.data_length_update  nrf_ble_gatt.o
    0x0002871c   0x0002871c   0x00000030   Code   RO         1266    i.db_update_pending_handle  gatt_cache_manager.o
    0x0002874c   0x0002874c   0x0000008c   Code   RO         4810    i.delete_execute    fds.o
    0x000287d8   0x000287d8   0x00000048   Code   RO         4156    i.detection_delay_timeout_handler  app_button.o
    0x00028820   0x00028820   0x00000014   Code   RO         6297    i.dropped_sat16_get  nrf_log_frontend.o
    0x00028834   0x00028834   0x00000014   Code   RO         4642    i.drv_rtc_compare_disable  drv_rtc.o
    0x00028848   0x00028848   0x0000000e   Code   RO         4645    i.drv_rtc_compare_pending  drv_rtc.o
    0x00028856   0x00028856   0x00000050   Code   RO         4646    i.drv_rtc_compare_set  drv_rtc.o
    0x000288a6   0x000288a6   0x00000008   Code   RO         4647    i.drv_rtc_counter_get  drv_rtc.o
    0x000288ae   0x000288ae   0x00000002   PAD
    0x000288b0   0x000288b0   0x000000d8   Code   RO         4648    i.drv_rtc_init      drv_rtc.o
    0x00028988   0x00028988   0x0000001e   Code   RO         4649    i.drv_rtc_irq_trigger  drv_rtc.o
    0x000289a6   0x000289a6   0x00000008   Code   RO         4651    i.drv_rtc_overflow_enable  drv_rtc.o
    0x000289ae   0x000289ae   0x00000008   Code   RO         4652    i.drv_rtc_overflow_pending  drv_rtc.o
    0x000289b6   0x000289b6   0x00000008   Code   RO         4653    i.drv_rtc_start     drv_rtc.o
    0x000289be   0x000289be   0x00000008   Code   RO         4654    i.drv_rtc_stop      drv_rtc.o
    0x000289c6   0x000289c6   0x000000de   Code   RO         4659    i.drv_rtc_windowed_compare_set  drv_rtc.o
    0x00028aa4   0x00028aa4   0x0000000a   Code   RO         2647    i.encryption_failure  security_dispatcher.o
    0x00028aae   0x00028aae   0x00000002   PAD
    0x00028ab0   0x00028ab0   0x0000004c   Code   RO         5652    i.erase             nrf_fstorage_sd.o
    0x00028afc   0x00028afc   0x00000074   Code   RO         4811    i.event_prepare     fds.o
    0x00028b70   0x00028b70   0x00000020   Code   RO         4812    i.event_send        fds.o
    0x00028b90   0x00028b90   0x00000054   Code   RO         5653    i.event_send        nrf_fstorage_sd.o
    0x00028be4   0x00028be4   0x00000098   Code   RO         2785    i.events_send_from_err_code  security_manager.o
    0x00028c7c   0x00028c7c   0x00000012   Code   RO         4660    i.evt_enable        drv_rtc.o
    0x00028c8e   0x00028c8e   0x00000002   PAD
    0x00028c90   0x00028c90   0x000000e0   Code   RO         4157    i.evt_handle        app_button.o
    0x00028d70   0x00028d70   0x00000014   Code   RO         4661    i.evt_pending       drv_rtc.o
    0x00028d84   0x00028d84   0x0000001c   Code   RO         1267    i.evt_send          gatt_cache_manager.o
    0x00028da0   0x00028da0   0x0000001c   Code   RO         1429    i.evt_send          gatts_cache_manager.o
    0x00028dbc   0x00028dbc   0x0000002c   Code   RO         2189    i.evt_send          peer_manager.o
    0x00028de8   0x00028de8   0x0000001c   Code   RO         2648    i.evt_send          security_dispatcher.o
    0x00028e04   0x00028e04   0x0000000c   Code   RO         2786    i.evt_send          security_manager.o
    0x00028e10   0x00028e10   0x000000e0   Code   RO         1836    i.fds_evt_handler   peer_data_storage.o
    0x00028ef0   0x00028ef0   0x00000048   Code   RO         4814    i.fds_file_delete   fds.o
    0x00028f38   0x00028f38   0x00000040   Code   RO         4815    i.fds_gc            fds.o
    0x00028f78   0x00028f78   0x000000e8   Code   RO         4816    i.fds_init          fds.o
    0x00029060   0x00029060   0x00000048   Code   RO         4817    i.fds_record_close  fds.o
    0x000290a8   0x000290a8   0x0000000e   Code   RO         4819    i.fds_record_find   fds.o
    0x000290b6   0x000290b6   0x00000010   Code   RO         4820    i.fds_record_find_by_key  fds.o
    0x000290c6   0x000290c6   0x00000010   Code   RO         4821    i.fds_record_find_in_file  fds.o
    0x000290d6   0x000290d6   0x00000012   Code   RO         4822    i.fds_record_id_from_desc  fds.o
    0x000290e8   0x000290e8   0x0000004c   Code   RO         4824    i.fds_record_open   fds.o
    0x00029134   0x00029134   0x00000010   Code   RO         4825    i.fds_record_update  fds.o
    0x00029144   0x00029144   0x00000008   Code   RO         4826    i.fds_record_write  fds.o
    0x0002914c   0x0002914c   0x00000030   Code   RO         4828    i.fds_register      fds.o
    0x0002917c   0x0002917c   0x000000a0   Code   RO         4831    i.fds_stat          fds.o
    0x0002921c   0x0002921c   0x00000014   Code   RO         1837    i.file_id_within_pm_range  peer_data_storage.o
    0x00029230   0x00029230   0x00000012   Code   RO         2649    i.flag_id_init      security_dispatcher.o
    0x00029242   0x00029242   0x00000012   Code   RO         2787    i.flag_id_init      security_manager.o
    0x00029254   0x00029254   0x0000000a   Code   RO         1050    i.flag_toggle       ble_conn_state.o
    0x0002925e   0x0002925e   0x00000028   Code   RO          875    i.flags_set         ble_advertising.o
    0x00029286   0x00029286   0x00000002   PAD
    0x00029288   0x00029288   0x00000030   Code   RO         2788    i.flags_set_from_err_code  security_manager.o
    0x000292b8   0x000292b8   0x00000030   Code   RO         1051    i.for_each_set_flag  ble_conn_state.o
    0x000292e8   0x000292e8   0x00000006   Code   RO         4832    i.fs_event_handler  fds.o
    0x000292ee   0x000292ee   0x00000002   PAD
    0x000292f0   0x000292f0   0x00000078   Code   RO         4833    i.gc_execute        fds.o
    0x00029368   0x00029368   0x0000004c   Code   RO         4834    i.gc_next_page      fds.o
    0x000293b4   0x000293b4   0x00000040   Code   RO         4835    i.gc_page_erase     fds.o
    0x000293f4   0x000293f4   0x00000034   Code   RO         4836    i.gc_record_copy    fds.o
    0x00029428   0x00029428   0x00000024   Code   RO         4837    i.gc_record_find_next  fds.o
    0x0002944c   0x0002944c   0x00000070   Code   RO         4838    i.gc_state_advance  fds.o
    0x000294bc   0x000294bc   0x00000030   Code   RO         4839    i.gc_swap_pages     fds.o
    0x000294ec   0x000294ec   0x00000230   Code   RO         1268    i.gcm_ble_evt_handler  gatt_cache_manager.o
    0x0002971c   0x0002971c   0x0000003c   Code   RO         1269    i.gcm_im_evt_handler  gatt_cache_manager.o
    0x00029758   0x00029758   0x00000094   Code   RO         1270    i.gcm_init          gatt_cache_manager.o
    0x000297ec   0x000297ec   0x00000088   Code   RO         1273    i.gcm_pdb_evt_handler  gatt_cache_manager.o
    0x00029874   0x00029874   0x00000034   Code   RO         4414    i.get_now           app_timer2.o
    0x000298a8   0x000298a8   0x0000003c   Code   RO         4158    i.gpiote_event_handler  app_button.o
    0x000298e4   0x000298e4   0x0000001c   Code   RO         1430    i.gscm_db_change_notification_done  gatts_cache_manager.o
    0x00029900   0x00029900   0x00000014   Code   RO         1431    i.gscm_init         gatts_cache_manager.o
    0x00029914   0x00029914   0x00000090   Code   RO         1433    i.gscm_local_db_cache_apply  gatts_cache_manager.o
    0x000299a4   0x000299a4   0x00000148   Code   RO         1434    i.gscm_local_db_cache_update  gatts_cache_manager.o
    0x00029aec   0x00029aec   0x00000018   Code   RO         1435    i.gscm_pdb_evt_handler  gatts_cache_manager.o
    0x00029b04   0x00029b04   0x0000001e   Code   RO         1436    i.gscm_service_changed_ind_needed  gatts_cache_manager.o
    0x00029b22   0x00029b22   0x00000002   PAD
    0x00029b24   0x00029b24   0x0000005c   Code   RO         1437    i.gscm_service_changed_ind_send  gatts_cache_manager.o
    0x00029b80   0x00029b80   0x0000002c   Code   RO         4840    i.header_check      fds.o
    0x00029bac   0x00029bac   0x00000012   Code   RO         4841    i.header_has_next   fds.o
    0x00029bbe   0x00029bbe   0x00000046   Code   RO         1526    i.im_address_resolve  id_manager.o
    0x00029c04   0x00029c04   0x00000038   Code   RO         1527    i.im_ble_addr_get   id_manager.o
    0x00029c3c   0x00029c3c   0x000000dc   Code   RO         1528    i.im_ble_evt_handler  id_manager.o
    0x00029d18   0x00029d18   0x00000040   Code   RO         1529    i.im_conn_handle_get  id_manager.o
    0x00029d58   0x00029d58   0x00000038   Code   RO         1531    i.im_find_duplicate_bonding_data  id_manager.o
    0x00029d90   0x00029d90   0x00000072   Code   RO         1534    i.im_is_duplicate_bonding_data  id_manager.o
    0x00029e02   0x00029e02   0x00000018   Code   RO         1535    i.im_master_id_is_valid  id_manager.o
    0x00029e1a   0x00029e1a   0x0000002a   Code   RO         1536    i.im_master_ids_compare  id_manager.o
    0x00029e44   0x00029e44   0x00000014   Code   RO         1537    i.im_new_peer_id    id_manager.o
    0x00029e58   0x00029e58   0x0000002c   Code   RO         1538    i.im_peer_free      id_manager.o
    0x00029e84   0x00029e84   0x00000024   Code   RO         1539    i.im_peer_id_get_by_conn_handle  id_manager.o
    0x00029ea8   0x00029ea8   0x0000003c   Code   RO         1540    i.im_peer_id_get_by_master_id  id_manager.o
    0x00029ee4   0x00029ee4   0x00000034   Code   RO         5654    i.init              nrf_fstorage_sd.o
    0x00029f18   0x00029f18   0x000000c4   Code   RO         4842    i.init_execute      fds.o
    0x00029fdc   0x00029fdc   0x00000014   Code   RO          962    i.instance_get      ble_conn_params.o
    0x00029ff0   0x00029ff0   0x000000a6   Code   RO         5526    i.int_print         nrf_fprintf_format.o
    0x0002a096   0x0002a096   0x00000002   PAD
    0x0002a098   0x0002a098   0x00000088   Code   RO         3992    i.interrupts_enable  nrfx_uarte.o
    0x0002a120   0x0002a120   0x00000034   Code   RO         6298    i.invalid_packets_omit  nrf_log_frontend.o
    0x0002a154   0x0002a154   0x00000010   Code   RO         5655    i.is_busy           nrf_fstorage_sd.o
    0x0002a164   0x0002a164   0x00000044   Code   RO          963    i.is_conn_params_ok  ble_conn_params.o
    0x0002a1a8   0x0002a1a8   0x00000014   Code   RO         1545    i.is_valid_irk      id_manager.o
    0x0002a1bc   0x0002a1bc   0x0000000c   Code   RO         4843    i.is_word_aligned   fds.o
    0x0002a1c8   0x0002a1c8   0x00000030   Code   RO          526    i.leds_off          bsp.o
    0x0002a1f8   0x0002a1f8   0x00000014   Code   RO          527    i.leds_timer_handler  bsp.o
    0x0002a20c   0x0002a20c   0x00000014   Code   RO         1694    i.link_init         nrf_ble_gatt.o
    0x0002a220   0x0002a220   0x000000d0   Code   RO         2789    i.link_secure       security_manager.o
    0x0002a2f0   0x0002a2f0   0x0000003c   Code   RO         2650    i.link_secure_failure  security_dispatcher.o
    0x0002a32c   0x0002a32c   0x0000002c   Code   RO         2790    i.link_secure_pending_handle  security_manager.o
    0x0002a358   0x0002a358   0x000000a8   Code   RO         1274    i.local_db_apply_in_evt  gatt_cache_manager.o
    0x0002a400   0x0002a400   0x00000010   Code   RO         1275    i.local_db_update   gatt_cache_manager.o
    0x0002a410   0x0002a410   0x00000114   Code   RO         1276    i.local_db_update_in_evt  gatt_cache_manager.o
    0x0002a524   0x0002a524   0x00000002   Code   RO         6299    i.log_pending_hook  nrf_log_frontend.o
    0x0002a526   0x0002a526   0x00000002   PAD
    0x0002a528   0x0002a528   0x000000a4   Code   RO         6300    i.log_skip          nrf_log_frontend.o
    0x0002a5cc   0x0002a5cc   0x000001f0   Code   RO            9    i.main              main.o
    0x0002a7bc   0x0002a7bc   0x00000064   Code   RO          767    i.manuf_specific_data_encode  ble_advdata.o
    0x0002a820   0x0002a820   0x0000007e   Code   RO         5764    i.memobj_op         nrf_memobj.o
    0x0002a89e   0x0002a89e   0x00000002   PAD
    0x0002a8a0   0x0002a8a0   0x00000030   Code   RO         6301    i.module_idx_get    nrf_log_frontend.o
    0x0002a8d0   0x0002a8d0   0x00000008   Code   RO         2597    i.mutex_lock_status_get  pm_buffer.o
    0x0002a8d8   0x0002a8d8   0x000000a6   Code   RO          768    i.name_encode       ble_advdata.o
    0x0002a97e   0x0002a97e   0x00000002   PAD
    0x0002a980   0x0002a980   0x00000014   Code   RO         2791    i.new_context_get   security_manager.o
    0x0002a994   0x0002a994   0x00000032   Code   RO         2792    i.new_evt           security_manager.o
    0x0002a9c6   0x0002a9c6   0x00000030   Code   RO         2099    i.next_id_get       peer_id.o
    0x0002a9f6   0x0002a9f6   0x00000010   Code   RO         5179    i.nrf_atfifo_clear  nrf_atfifo.o
    0x0002aa06   0x0002aa06   0x00000026   Code   RO         5181    i.nrf_atfifo_init   nrf_atfifo.o
    0x0002aa2c   0x0002aa2c   0x00000016   Code   RO         5182    i.nrf_atfifo_item_alloc  nrf_atfifo.o
    0x0002aa42   0x0002aa42   0x00000016   Code   RO         5183    i.nrf_atfifo_item_free  nrf_atfifo.o
    0x0002aa58   0x0002aa58   0x00000016   Code   RO         5184    i.nrf_atfifo_item_get  nrf_atfifo.o
    0x0002aa6e   0x0002aa6e   0x00000016   Code   RO         5185    i.nrf_atfifo_item_put  nrf_atfifo.o
    0x0002aa84   0x0002aa84   0x00000016   Code   RO         5247    i.nrf_atflags_clear  nrf_atflags.o
    0x0002aa9a   0x0002aa9a   0x00000020   Code   RO         5249    i.nrf_atflags_fetch_set  nrf_atflags.o
    0x0002aaba   0x0002aaba   0x0000004a   Code   RO         5251    i.nrf_atflags_find_and_set_flag  nrf_atflags.o
    0x0002ab04   0x0002ab04   0x00000016   Code   RO         5252    i.nrf_atflags_get   nrf_atflags.o
    0x0002ab1a   0x0002ab1a   0x00000014   Code   RO         5254    i.nrf_atflags_set   nrf_atflags.o
    0x0002ab2e   0x0002ab2e   0x00000006   Code   RO         5315    i.nrf_atomic_flag_clear_fetch  nrf_atomic.o
    0x0002ab34   0x0002ab34   0x00000006   Code   RO         5316    i.nrf_atomic_flag_set  nrf_atomic.o
    0x0002ab3a   0x0002ab3a   0x00000006   Code   RO         5317    i.nrf_atomic_flag_set_fetch  nrf_atomic.o
    0x0002ab40   0x0002ab40   0x0000000c   Code   RO         5318    i.nrf_atomic_u32_add  nrf_atomic.o
    0x0002ab4c   0x0002ab4c   0x0000000c   Code   RO         5319    i.nrf_atomic_u32_and  nrf_atomic.o
    0x0002ab58   0x0002ab58   0x0000000a   Code   RO         5321    i.nrf_atomic_u32_fetch_add  nrf_atomic.o
    0x0002ab62   0x0002ab62   0x0000000a   Code   RO         5322    i.nrf_atomic_u32_fetch_and  nrf_atomic.o
    0x0002ab6c   0x0002ab6c   0x0000000a   Code   RO         5323    i.nrf_atomic_u32_fetch_or  nrf_atomic.o
    0x0002ab76   0x0002ab76   0x0000000a   Code   RO         5324    i.nrf_atomic_u32_fetch_store  nrf_atomic.o
    0x0002ab80   0x0002ab80   0x0000000c   Code   RO         5328    i.nrf_atomic_u32_or  nrf_atomic.o
    0x0002ab8c   0x0002ab8c   0x0000000c   Code   RO         5330    i.nrf_atomic_u32_sub  nrf_atomic.o
    0x0002ab98   0x0002ab98   0x00000044   Code   RO         5449    i.nrf_balloc_alloc  nrf_balloc.o
    0x0002abdc   0x0002abdc   0x00000030   Code   RO         5450    i.nrf_balloc_free   nrf_balloc.o
    0x0002ac0c   0x0002ac0c   0x00000030   Code   RO         5451    i.nrf_balloc_init   nrf_balloc.o
    0x0002ac3c   0x0002ac3c   0x00000010   Code   RO         3448    i.nrf_bitmask_bit_is_set  nrfx_gpiote.o
    0x0002ac4c   0x0002ac4c   0x00000022   Code   RO         1700    i.nrf_ble_gatt_init  nrf_ble_gatt.o
    0x0002ac6e   0x0002ac6e   0x00000002   PAD
    0x0002ac70   0x0002ac70   0x00000150   Code   RO         1701    i.nrf_ble_gatt_on_ble_evt  nrf_ble_gatt.o
    0x0002adc0   0x0002adc0   0x00000016   Code   RO         1795    i.nrf_ble_qwr_conn_handle_assign  nrf_ble_qwr.o
    0x0002add6   0x0002add6   0x00000024   Code   RO         1796    i.nrf_ble_qwr_init  nrf_ble_qwr.o
    0x0002adfa   0x0002adfa   0x000000b6   Code   RO         1797    i.nrf_ble_qwr_on_ble_evt  nrf_ble_qwr.o
    0x0002aeb0   0x0002aeb0   0x0000000e   Code   RO         3306    i.nrf_clock_event_check  nrfx_clock.o
    0x0002aebe   0x0002aebe   0x00000010   Code   RO         3307    i.nrf_clock_event_clear  nrfx_clock.o
    0x0002aece   0x0002aece   0x00000002   PAD
    0x0002aed0   0x0002aed0   0x00000040   Code   RO         2968    i.nrf_drv_clock_init  nrf_drv_clock.o
    0x0002af10   0x0002af10   0x00000034   Code   RO         2972    i.nrf_drv_clock_lfclk_release  nrf_drv_clock.o
    0x0002af44   0x0002af44   0x00000068   Code   RO         3114    i.nrf_drv_uart_init  nrf_drv_uart.o
    0x0002afac   0x0002afac   0x0000001a   Code   RO         5486    i.nrf_fprintf       nrf_fprintf.o
    0x0002afc6   0x0002afc6   0x00000018   Code   RO         5487    i.nrf_fprintf_buffer_flush  nrf_fprintf.o
    0x0002afde   0x0002afde   0x000001da   Code   RO         5527    i.nrf_fprintf_fmt   nrf_fprintf_format.o
    0x0002b1b8   0x0002b1b8   0x00000138   Code   RO         5567    i.nrf_fstorage_erase  nrf_fstorage.o
    0x0002b2f0   0x0002b2f0   0x00000094   Code   RO         5568    i.nrf_fstorage_init  nrf_fstorage.o
    0x0002b384   0x0002b384   0x00000018   Code   RO         5656    i.nrf_fstorage_sdh_req_handler  nrf_fstorage_sd.o
    0x0002b39c   0x0002b39c   0x00000020   Code   RO         5657    i.nrf_fstorage_sdh_state_handler  nrf_fstorage_sd.o
    0x0002b3bc   0x0002b3bc   0x000000a4   Code   RO         5658    i.nrf_fstorage_sys_evt_handler  nrf_fstorage_sd.o
    0x0002b460   0x0002b460   0x000001dc   Code   RO         5574    i.nrf_fstorage_write  nrf_fstorage.o
    0x0002b63c   0x0002b63c   0x00000024   Code   RO          413    i.nrf_gpio_cfg      boards.o
    0x0002b660   0x0002b660   0x00000024   Code   RO         3449    i.nrf_gpio_cfg      nrfx_gpiote.o
    0x0002b684   0x0002b684   0x00000024   Code   RO         3804    i.nrf_gpio_cfg      nrfx_uart.o
    0x0002b6a8   0x0002b6a8   0x00000024   Code   RO         3993    i.nrf_gpio_cfg      nrfx_uarte.o
    0x0002b6cc   0x0002b6cc   0x00000012   Code   RO         3805    i.nrf_gpio_cfg_default  nrfx_uart.o
    0x0002b6de   0x0002b6de   0x00000012   Code   RO         3994    i.nrf_gpio_cfg_default  nrfx_uarte.o
    0x0002b6f0   0x0002b6f0   0x00000012   Code   RO         3806    i.nrf_gpio_cfg_input  nrfx_uart.o
    0x0002b702   0x0002b702   0x00000012   Code   RO         3995    i.nrf_gpio_cfg_input  nrfx_uarte.o
    0x0002b714   0x0002b714   0x00000014   Code   RO         3807    i.nrf_gpio_cfg_output  nrfx_uart.o
    0x0002b728   0x0002b728   0x00000014   Code   RO         3996    i.nrf_gpio_cfg_output  nrfx_uarte.o
    0x0002b73c   0x0002b73c   0x00000022   Code   RO         3451    i.nrf_gpio_cfg_sense_set  nrfx_gpiote.o
    0x0002b75e   0x0002b75e   0x00000002   PAD
    0x0002b760   0x0002b760   0x0000002c   Code   RO         3452    i.nrf_gpio_latches_read_and_clear  nrfx_gpiote.o
    0x0002b78c   0x0002b78c   0x0000001e   Code   RO         3453    i.nrf_gpio_pin_present_check  nrfx_gpiote.o
    0x0002b7aa   0x0002b7aa   0x00000016   Code   RO          414    i.nrf_gpio_pin_write  boards.o
    0x0002b7c0   0x0002b7c0   0x00000014   Code   RO         3454    i.nrf_gpiote_event_clear  nrfx_gpiote.o
    0x0002b7d4   0x0002b7d4   0x00000010   Code   RO         3455    i.nrf_gpiote_event_is_set  nrfx_gpiote.o
    0x0002b7e4   0x0002b7e4   0x0000005c   Code   RO         6302    i.nrf_log_backend_add  nrf_log_frontend.o
    0x0002b840   0x0002b840   0x000000c8   Code   RO         6146    i.nrf_log_backend_serial_put  nrf_log_backend_serial.o
    0x0002b908   0x0002b908   0x00000002   Code   RO         6186    i.nrf_log_backend_uart_flush  nrf_log_backend_uart.o
    0x0002b90a   0x0002b90a   0x00000006   Code   RO         6187    i.nrf_log_backend_uart_init  nrf_log_backend_uart.o
    0x0002b910   0x0002b910   0x0000002c   Code   RO         6188    i.nrf_log_backend_uart_panic_set  nrf_log_backend_uart.o
    0x0002b93c   0x0002b93c   0x00000018   Code   RO         6189    i.nrf_log_backend_uart_put  nrf_log_backend_uart.o
    0x0002b954   0x0002b954   0x00000030   Code   RO         6304    i.nrf_log_color_id_get  nrf_log_frontend.o
    0x0002b984   0x0002b984   0x0000001c   Code   RO         6259    i.nrf_log_default_backends_init  nrf_log_default_backends.o
    0x0002b9a0   0x0002b9a0   0x00000238   Code   RO         6305    i.nrf_log_frontend_dequeue  nrf_log_frontend.o
    0x0002bbd8   0x0002bbd8   0x00000008   Code   RO         6307    i.nrf_log_frontend_std_0  nrf_log_frontend.o
    0x0002bbe0   0x0002bbe0   0x0000000e   Code   RO         6308    i.nrf_log_frontend_std_1  nrf_log_frontend.o
    0x0002bbee   0x0002bbee   0x00000010   Code   RO         6309    i.nrf_log_frontend_std_2  nrf_log_frontend.o
    0x0002bbfe   0x0002bbfe   0x00000012   Code   RO         6310    i.nrf_log_frontend_std_3  nrf_log_frontend.o
    0x0002bc10   0x0002bc10   0x00000014   Code   RO         6311    i.nrf_log_frontend_std_4  nrf_log_frontend.o
    0x0002bc24   0x0002bc24   0x000000b0   Code   RO         6488    i.nrf_log_hexdump_entry_process  nrf_log_str_formatter.o
    0x0002bcd4   0x0002bcd4   0x00000028   Code   RO         6314    i.nrf_log_init      nrf_log_frontend.o
    0x0002bcfc   0x0002bcfc   0x00000014   Code   RO         6315    i.nrf_log_module_cnt_get  nrf_log_frontend.o
    0x0002bd10   0x0002bd10   0x0000001c   Code   RO         6318    i.nrf_log_module_name_get  nrf_log_frontend.o
    0x0002bd2c   0x0002bd2c   0x00000028   Code   RO         6319    i.nrf_log_panic     nrf_log_frontend.o
    0x0002bd54   0x0002bd54   0x000000b6   Code   RO         6489    i.nrf_log_std_entry_process  nrf_log_str_formatter.o
    0x0002be0a   0x0002be0a   0x00000060   Code   RO         5765    i.nrf_memobj_alloc  nrf_memobj.o
    0x0002be6a   0x0002be6a   0x00000032   Code   RO         5766    i.nrf_memobj_free   nrf_memobj.o
    0x0002be9c   0x0002be9c   0x00000008   Code   RO         5767    i.nrf_memobj_get    nrf_memobj.o
    0x0002bea4   0x0002bea4   0x00000004   Code   RO         5768    i.nrf_memobj_pool_init  nrf_memobj.o
    0x0002bea8   0x0002bea8   0x0000001e   Code   RO         5769    i.nrf_memobj_put    nrf_memobj.o
    0x0002bec6   0x0002bec6   0x00000010   Code   RO         5770    i.nrf_memobj_read   nrf_memobj.o
    0x0002bed6   0x0002bed6   0x00000010   Code   RO         5771    i.nrf_memobj_write  nrf_memobj.o
    0x0002bee6   0x0002bee6   0x00000002   PAD
    0x0002bee8   0x0002bee8   0x00000028   Code   RO         5843    i.nrf_pwr_mgmt_init  nrf_pwr_mgmt.o
    0x0002bf10   0x0002bf10   0x00000044   Code   RO         5844    i.nrf_pwr_mgmt_run  nrf_pwr_mgmt.o
    0x0002bf54   0x0002bf54   0x00000004   Code   RO           10    i.nrf_qwr_error_handler  main.o
    0x0002bf58   0x0002bf58   0x0000001c   Code   RO         5917    i.nrf_ringbuf_init  nrf_ringbuf.o
    0x0002bf74   0x0002bf74   0x0000000c   Code   RO         4662    i.nrf_rtc_event_clear  drv_rtc.o
    0x0002bf80   0x0002bf80   0x00000014   Code   RO         7023    i.nrf_sdh_ble_app_ram_start_get  nrf_sdh_ble.o
    0x0002bf94   0x0002bf94   0x00000100   Code   RO         7024    i.nrf_sdh_ble_default_cfg_set  nrf_sdh_ble.o
    0x0002c094   0x0002c094   0x00000130   Code   RO         7025    i.nrf_sdh_ble_enable  nrf_sdh_ble.o
    0x0002c1c4   0x0002c1c4   0x0000005c   Code   RO         7026    i.nrf_sdh_ble_evts_poll  nrf_sdh_ble.o
    0x0002c220   0x0002c220   0x00000054   Code   RO         6904    i.nrf_sdh_disable_request  nrf_sdh.o
    0x0002c274   0x0002c274   0x00000074   Code   RO         6905    i.nrf_sdh_enable_request  nrf_sdh.o
    0x0002c2e8   0x0002c2e8   0x00000024   Code   RO         6906    i.nrf_sdh_evts_poll  nrf_sdh.o
    0x0002c30c   0x0002c30c   0x0000000c   Code   RO         6907    i.nrf_sdh_is_enabled  nrf_sdh.o
    0x0002c318   0x0002c318   0x0000001c   Code   RO         6909    i.nrf_sdh_request_continue  nrf_sdh.o
    0x0002c334   0x0002c334   0x0000003c   Code   RO         7077    i.nrf_sdh_soc_evts_poll  nrf_sdh_soc.o
    0x0002c370   0x0002c370   0x0000000a   Code   RO         5975    i.nrf_section_iter_init  nrf_section_iter.o
    0x0002c37a   0x0002c37a   0x00000024   Code   RO         5976    i.nrf_section_iter_item_set  nrf_section_iter.o
    0x0002c39e   0x0002c39e   0x00000020   Code   RO         5977    i.nrf_section_iter_next  nrf_section_iter.o
    0x0002c3be   0x0002c3be   0x00000022   Code   RO         6010    i.nrf_sortlist_add  nrf_sortlist.o
    0x0002c3e0   0x0002c3e0   0x00000006   Code   RO         6012    i.nrf_sortlist_peek  nrf_sortlist.o
    0x0002c3e6   0x0002c3e6   0x0000000e   Code   RO         6013    i.nrf_sortlist_pop  nrf_sortlist.o
    0x0002c3f4   0x0002c3f4   0x0000001e   Code   RO         6014    i.nrf_sortlist_remove  nrf_sortlist.o
    0x0002c412   0x0002c412   0x00000002   PAD
    0x0002c414   0x0002c414   0x00000038   Code   RO         6066    i.nrf_strerror_find  nrf_strerror.o
    0x0002c44c   0x0002c44c   0x00000014   Code   RO         6067    i.nrf_strerror_get  nrf_strerror.o
    0x0002c460   0x0002c460   0x0000000a   Code   RO         3808    i.nrf_uart_event_check  nrfx_uart.o
    0x0002c46a   0x0002c46a   0x0000000c   Code   RO         3809    i.nrf_uart_event_clear  nrfx_uart.o
    0x0002c476   0x0002c476   0x0000000c   Code   RO         3810    i.nrf_uart_int_enable_check  nrfx_uart.o
    0x0002c482   0x0002c482   0x0000000a   Code   RO         3997    i.nrf_uarte_event_check  nrfx_uarte.o
    0x0002c48c   0x0002c48c   0x0000000c   Code   RO         3998    i.nrf_uarte_event_clear  nrfx_uarte.o
    0x0002c498   0x0002c498   0x00000010   Code   RO         2975    i.nrf_wdt_started   nrf_drv_clock.o
    0x0002c4a8   0x0002c4a8   0x0000002c   Code   RO         3312    i.nrfx_clock_enable  nrfx_clock.o
    0x0002c4d4   0x0002c4d4   0x00000020   Code   RO         3315    i.nrfx_clock_init   nrfx_clock.o
    0x0002c4f4   0x0002c4f4   0x00000030   Code   RO         3318    i.nrfx_clock_lfclk_stop  nrfx_clock.o
    0x0002c524   0x0002c524   0x00000010   Code   RO         4663    i.nrfx_coredep_delay_us  drv_rtc.o
    0x0002c534   0x0002c534   0x000000a0   Code   RO         3461    i.nrfx_gpiote_in_event_enable  nrfx_gpiote.o
    0x0002c5d4   0x0002c5d4   0x000000cc   Code   RO         3463    i.nrfx_gpiote_in_init  nrfx_gpiote.o
    0x0002c6a0   0x0002c6a0   0x00000014   Code   RO         3464    i.nrfx_gpiote_in_is_set  nrfx_gpiote.o
    0x0002c6b4   0x0002c6b4   0x00000074   Code   RO         3466    i.nrfx_gpiote_init  nrfx_gpiote.o
    0x0002c728   0x0002c728   0x00000014   Code   RO         3467    i.nrfx_gpiote_is_init  nrfx_gpiote.o
    0x0002c73c   0x0002c73c   0x00000010   Code   RO         3999    i.nrfx_is_in_ram    nrfx_uarte.o
    0x0002c74c   0x0002c74c   0x0000003a   Code   RO         3750    i.nrfx_prs_acquire  nrfx_prs.o
    0x0002c786   0x0002c786   0x00000012   Code   RO         3751    i.nrfx_prs_release  nrfx_prs.o
    0x0002c798   0x0002c798   0x00000010   Code   RO         3811    i.nrfx_uart_0_irq_handler  nrfx_uart.o
    0x0002c7a8   0x0002c7a8   0x000000d4   Code   RO         3813    i.nrfx_uart_init    nrfx_uart.o
    0x0002c87c   0x0002c87c   0x000000a8   Code   RO         3819    i.nrfx_uart_tx      nrfx_uart.o
    0x0002c924   0x0002c924   0x00000020   Code   RO         3821    i.nrfx_uart_tx_in_progress  nrfx_uart.o
    0x0002c944   0x0002c944   0x000000c0   Code   RO         3822    i.nrfx_uart_uninit  nrfx_uart.o
    0x0002ca04   0x0002ca04   0x00000010   Code   RO         4000    i.nrfx_uarte_0_irq_handler  nrfx_uarte.o
    0x0002ca14   0x0002ca14   0x0000006c   Code   RO         4002    i.nrfx_uarte_init   nrfx_uarte.o
    0x0002ca80   0x0002ca80   0x000000ac   Code   RO         4006    i.nrfx_uarte_tx     nrfx_uarte.o
    0x0002cb2c   0x0002cb2c   0x0000001c   Code   RO         4008    i.nrfx_uarte_tx_in_progress  nrfx_uarte.o
    0x0002cb48   0x0002cb48   0x00000108   Code   RO         4009    i.nrfx_uarte_uninit  nrfx_uarte.o
    0x0002cc50   0x0002cc50   0x00000018   Code   RO         7121    i.nvmc_config       system_nrf52.o
    0x0002cc68   0x0002cc68   0x00000054   Code   RO           11    i.on_adv_evt        main.o
    0x0002ccbc   0x0002ccbc   0x0000001c   Code   RO           12    i.on_conn_params_evt  main.o
    0x0002ccd8   0x0002ccd8   0x000000a8   Code   RO         1702    i.on_connected_evt  nrf_ble_gatt.o
    0x0002cd80   0x0002cd80   0x000000ac   Code   RO         1703    i.on_exchange_mtu_request_evt  nrf_ble_gatt.o
    0x0002ce2c   0x0002ce2c   0x00000024   Code   RO         4844    i.page_identify     fds.o
    0x0002ce50   0x0002ce50   0x0000001c   Code   RO         4845    i.page_offsets_update  fds.o
    0x0002ce6c   0x0002ce6c   0x0000006c   Code   RO         4846    i.page_scan         fds.o
    0x0002ced8   0x0002ced8   0x0000001c   Code   RO         4847    i.page_tag_write_data  fds.o
    0x0002cef4   0x0002cef4   0x00000024   Code   RO         4848    i.page_tag_write_swap  fds.o
    0x0002cf18   0x0002cf18   0x00000130   Code   RO         4849    i.pages_init        fds.o
    0x0002d048   0x0002d048   0x0000000c   Code   RO         2651    i.pairing           security_dispatcher.o
    0x0002d054   0x0002d054   0x00000074   Code   RO         2652    i.pairing_failure   security_dispatcher.o
    0x0002d0c8   0x0002d0c8   0x0000002e   Code   RO         2653    i.pairing_success_evt_send  security_dispatcher.o
    0x0002d0f6   0x0002d0f6   0x00000006   Code   RO         2793    i.params_reply_pending_handle  security_manager.o
    0x0002d0fc   0x0002d0fc   0x00000020   Code   RO         2794    i.params_req_send   security_manager.o
    0x0002d11c   0x0002d11c   0x0000001c   Code   RO         1979    i.pdb_evt_send      peer_database.o
    0x0002d138   0x0002d138   0x00000090   Code   RO         1980    i.pdb_init          peer_database.o
    0x0002d1c8   0x0002d1c8   0x0000007c   Code   RO         1981    i.pdb_pds_evt_handler  peer_database.o
    0x0002d244   0x0002d244   0x00000006   Code   RO         1982    i.pdb_peer_data_ptr_get  peer_database.o
    0x0002d24a   0x0002d24a   0x00000002   PAD
    0x0002d24c   0x0002d24c   0x0000008c   Code   RO         1983    i.pdb_peer_free     peer_database.o
    0x0002d2d8   0x0002d2d8   0x000000dc   Code   RO         1984    i.pdb_write_buf_get  peer_database.o
    0x0002d3b4   0x0002d3b4   0x00000014   Code   RO         1985    i.pdb_write_buf_release  peer_database.o
    0x0002d3c8   0x0002d3c8   0x00000036   Code   RO         1986    i.pdb_write_buf_store  peer_database.o
    0x0002d3fe   0x0002d3fe   0x00000002   PAD
    0x0002d400   0x0002d400   0x00000010   Code   RO         1838    i.pds_evt_send      peer_data_storage.o
    0x0002d410   0x0002d410   0x000000dc   Code   RO         1839    i.pds_init          peer_data_storage.o
    0x0002d4ec   0x0002d4ec   0x00000004   Code   RO         1840    i.pds_next_deleted_peer_id_get  peer_data_storage.o
    0x0002d4f0   0x0002d4f0   0x00000004   Code   RO         1841    i.pds_next_peer_id_get  peer_data_storage.o
    0x0002d4f4   0x0002d4f4   0x00000058   Code   RO         1844    i.pds_peer_data_iterate  peer_data_storage.o
    0x0002d54c   0x0002d54c   0x00000010   Code   RO         1845    i.pds_peer_data_iterate_prepare  peer_data_storage.o
    0x0002d55c   0x0002d55c   0x00000072   Code   RO         1846    i.pds_peer_data_read  peer_data_storage.o
    0x0002d5ce   0x0002d5ce   0x00000002   PAD
    0x0002d5d0   0x0002d5d0   0x000000b4   Code   RO         1847    i.pds_peer_data_store  peer_data_storage.o
    0x0002d684   0x0002d684   0x00000008   Code   RO         1848    i.pds_peer_id_allocate  peer_data_storage.o
    0x0002d68c   0x0002d68c   0x00000016   Code   RO         1849    i.pds_peer_id_free  peer_data_storage.o
    0x0002d6a2   0x0002d6a2   0x00000004   Code   RO         1850    i.pds_peer_id_is_allocated  peer_data_storage.o
    0x0002d6a6   0x0002d6a6   0x00000002   PAD
    0x0002d6a8   0x0002d6a8   0x000000a8   Code   RO         1852    i.peer_data_delete_process  peer_data_storage.o
    0x0002d750   0x0002d750   0x00000030   Code   RO         1853    i.peer_data_find    peer_data_storage.o
    0x0002d780   0x0002d780   0x00000024   Code   RO         1854    i.peer_data_id_is_valid  peer_data_storage.o
    0x0002d7a4   0x0002d7a4   0x0000001a   Code   RO         1987    i.peer_data_point_to_buffer  peer_database.o
    0x0002d7be   0x0002d7be   0x00000002   PAD
    0x0002d7c0   0x0002d7c0   0x0000000c   Code   RO         2100    i.peer_id_allocate  peer_id.o
    0x0002d7cc   0x0002d7cc   0x00000024   Code   RO         2101    i.peer_id_delete    peer_id.o
    0x0002d7f0   0x0002d7f0   0x0000001c   Code   RO         2102    i.peer_id_free      peer_id.o
    0x0002d80c   0x0002d80c   0x0000000c   Code   RO         2103    i.peer_id_get_next_deleted  peer_id.o
    0x0002d818   0x0002d818   0x00000030   Code   RO         2104    i.peer_id_get_next_used  peer_id.o
    0x0002d848   0x0002d848   0x0000000c   Code   RO         2105    i.peer_id_init      peer_id.o
    0x0002d854   0x0002d854   0x00000014   Code   RO         2106    i.peer_id_is_allocated  peer_id.o
    0x0002d868   0x0002d868   0x00000014   Code   RO         2107    i.peer_id_is_deleted  peer_id.o
    0x0002d87c   0x0002d87c   0x0000006c   Code   RO           13    i.peer_manager_init  main.o
    0x0002d8e8   0x0002d8e8   0x00000012   Code   RO          876    i.phy_is_valid      ble_advertising.o
    0x0002d8fa   0x0002d8fa   0x00000002   PAD
    0x0002d8fc   0x0002d8fc   0x0000001c   Code   RO         3485    i.pin_configured_set  nrfx_gpiote.o
    0x0002d918   0x0002d918   0x00000018   Code   RO         3486    i.pin_in_use_by_port  nrfx_gpiote.o
    0x0002d930   0x0002d930   0x00000018   Code   RO         3487    i.pin_in_use_by_te  nrfx_gpiote.o
    0x0002d948   0x0002d948   0x00000064   Code   RO         2598    i.pm_buffer_block_acquire  pm_buffer.o
    0x0002d9ac   0x0002d9ac   0x00000024   Code   RO         2599    i.pm_buffer_init    pm_buffer.o
    0x0002d9d0   0x0002d9d0   0x00000028   Code   RO         2600    i.pm_buffer_ptr_get  pm_buffer.o
    0x0002d9f8   0x0002d9f8   0x00000032   Code   RO         2601    i.pm_buffer_release  pm_buffer.o
    0x0002da2a   0x0002da2a   0x00000002   PAD
    0x0002da2c   0x0002da2c   0x00000014   Code   RO         2195    i.pm_conn_sec_status_get  peer_manager.o
    0x0002da40   0x0002da40   0x0000001c   Code   RO         2196    i.pm_conn_secure    peer_manager.o
    0x0002da5c   0x0002da5c   0x00000026   Code   RO           14    i.pm_evt_handler    main.o
    0x0002da82   0x0002da82   0x00000004   Code   RO         2198    i.pm_gcm_evt_handler  peer_manager.o
    0x0002da86   0x0002da86   0x00000004   Code   RO         2199    i.pm_gscm_evt_handler  peer_manager.o
    0x0002da8a   0x0002da8a   0x00000002   PAD
    0x0002da8c   0x0002da8c   0x00000068   Code   RO         2503    i.pm_handler_disconnect_on_sec_failure  peer_manager_handler.o
    0x0002daf4   0x0002daf4   0x00000244   Code   RO         2504    i.pm_handler_flash_clean  peer_manager_handler.o
    0x0002dd38   0x0002dd38   0x0000001c   Code   RO         2505    i.pm_handler_flash_clean_on_return  peer_manager_handler.o
    0x0002dd54   0x0002dd54   0x00000054   Code   RO         2506    i.pm_handler_on_pm_evt  peer_manager_handler.o
    0x0002dda8   0x0002dda8   0x00000310   Code   RO         2507    i.pm_handler_pm_evt_log  peer_manager_handler.o
    0x0002e0b8   0x0002e0b8   0x00000004   Code   RO         2202    i.pm_im_evt_handler  peer_manager.o
    0x0002e0bc   0x0002e0bc   0x000001c0   Code   RO         2203    i.pm_init           peer_manager.o
    0x0002e27c   0x0002e27c   0x00000118   Code   RO         2207    i.pm_pdb_evt_handler  peer_manager.o
    0x0002e394   0x0002e394   0x00000014   Code   RO         2218    i.pm_peer_delete    peer_manager.o
    0x0002e3a8   0x0002e3a8   0x0000011c   Code   RO         2222    i.pm_peer_rank_highest  peer_manager.o
    0x0002e4c4   0x0002e4c4   0x000000e8   Code   RO         2223    i.pm_peer_ranks_get  peer_manager.o
    0x0002e5ac   0x0002e5ac   0x00000094   Code   RO         2224    i.pm_peers_delete   peer_manager.o
    0x0002e640   0x0002e640   0x0000002c   Code   RO         2227    i.pm_register       peer_manager.o
    0x0002e66c   0x0002e66c   0x00000014   Code   RO         2229    i.pm_sec_params_set  peer_manager.o
    0x0002e680   0x0002e680   0x0000000a   Code   RO         2230    i.pm_sm_evt_handler  peer_manager.o
    0x0002e68a   0x0002e68a   0x00000002   PAD
    0x0002e68c   0x0002e68c   0x000000b4   Code   RO         3488    i.port_event_handle  nrfx_gpiote.o
    0x0002e740   0x0002e740   0x00000010   Code   RO         3489    i.port_handler_polarity_get  nrfx_gpiote.o
    0x0002e750   0x0002e750   0x0000003c   Code   RO         6491    i.postfix_process   nrf_log_str_formatter.o
    0x0002e78c   0x0002e78c   0x00000098   Code   RO         6492    i.prefix_process    nrf_log_str_formatter.o
    0x0002e824   0x0002e824   0x00000018   Code   RO         3752    i.prs_box_get       nrfx_prs.o
    0x0002e83c   0x0002e83c   0x0000001c   Code   RO         4850    i.queue_buf_get     fds.o
    0x0002e858   0x0002e858   0x00000010   Code   RO         4851    i.queue_buf_store   fds.o
    0x0002e868   0x0002e868   0x00000014   Code   RO         5659    i.queue_free        nrf_fstorage_sd.o
    0x0002e87c   0x0002e87c   0x000000a4   Code   RO         4852    i.queue_process     fds.o
    0x0002e920   0x0002e920   0x000000a0   Code   RO         5660    i.queue_process     nrf_fstorage_sd.o
    0x0002e9c0   0x0002e9c0   0x0000001c   Code   RO         4853    i.queue_start       fds.o
    0x0002e9dc   0x0002e9dc   0x00000024   Code   RO         5661    i.queue_start       nrf_fstorage_sd.o
    0x0002ea00   0x0002ea00   0x0000001c   Code   RO         2510    i.rank_highest      peer_manager_handler.o
    0x0002ea1c   0x0002ea1c   0x00000030   Code   RO         2233    i.rank_vars_update  peer_manager.o
    0x0002ea4c   0x0002ea4c   0x0000000e   Code   RO         5662    i.read              nrf_fstorage_sd.o
    0x0002ea5a   0x0002ea5a   0x00000002   PAD
    0x0002ea5c   0x0002ea5c   0x000000a8   Code   RO         1988    i.reattempt_previous_operations  peer_database.o
    0x0002eb04   0x0002eb04   0x00000090   Code   RO         4854    i.record_find       fds.o
    0x0002eb94   0x0002eb94   0x000000a0   Code   RO         4855    i.record_find_by_desc  fds.o
    0x0002ec34   0x0002ec34   0x0000005c   Code   RO         4856    i.record_find_next  fds.o
    0x0002ec90   0x0002ec90   0x0000003c   Code   RO         4857    i.record_header_flag_dirty  fds.o
    0x0002eccc   0x0002eccc   0x00000088   Code   RO         4858    i.records_stat      fds.o
    0x0002ed54   0x0002ed54   0x00000010   Code   RO         2109    i.release           peer_id.o
    0x0002ed64   0x0002ed64   0x00000004   Code   RO         5663    i.rmap              nrf_fstorage_sd.o
    0x0002ed68   0x0002ed68   0x0000005c   Code   RO         4415    i.rtc_irq           app_timer2.o
    0x0002edc4   0x0002edc4   0x0000006c   Code   RO         4416    i.rtc_schedule      app_timer2.o
    0x0002ee30   0x0002ee30   0x0000008c   Code   RO         4417    i.rtc_update        app_timer2.o
    0x0002eebc   0x0002eebc   0x00000032   Code   RO         3823    i.rx_byte           nrfx_uart.o
    0x0002eeee   0x0002eeee   0x00000016   Code   RO         3824    i.rx_done_event     nrfx_uart.o
    0x0002ef04   0x0002ef04   0x00000016   Code   RO         4010    i.rx_done_event     nrfx_uarte.o
    0x0002ef1a   0x0002ef1a   0x00000002   PAD
    0x0002ef1c   0x0002ef1c   0x00000024   Code   RO         1277    i.sc_send_pending_handle  gatt_cache_manager.o
    0x0002ef40   0x0002ef40   0x00000058   Code   RO         2976    i.sd_state_evt_handler  nrf_drv_clock.o
    0x0002ef98   0x0002ef98   0x00000030   Code   RO         6912    i.sdh_request_observer_notify  nrf_sdh.o
    0x0002efc8   0x0002efc8   0x0000002c   Code   RO         6913    i.sdh_state_observer_notify  nrf_sdh.o
    0x0002eff4   0x0002eff4   0x000000d8   Code   RO         2654    i.sec_info_request_process  security_dispatcher.o
    0x0002f0cc   0x0002f0cc   0x000000f4   Code   RO         2655    i.sec_keyset_fill   security_dispatcher.o
    0x0002f1c0   0x0002f1c0   0x00000076   Code   RO         2795    i.sec_params_verify  security_manager.o
    0x0002f236   0x0002f236   0x00000002   PAD
    0x0002f238   0x0002f238   0x00000060   Code   RO         2656    i.sec_proc_start    security_dispatcher.o
    0x0002f298   0x0002f298   0x0000005c   Code   RO         2796    i.sec_req_process   security_manager.o
    0x0002f2f4   0x0002f2f4   0x00000022   Code   RO         2657    i.send_config_req   security_dispatcher.o
    0x0002f316   0x0002f316   0x00000002   PAD
    0x0002f318   0x0002f318   0x00000010   Code   RO          964    i.send_error_evt    ble_conn_params.o
    0x0002f328   0x0002f328   0x00000028   Code   RO         1278    i.send_unexpected_error  gatt_cache_manager.o
    0x0002f350   0x0002f350   0x00000028   Code   RO         2658    i.send_unexpected_error  security_dispatcher.o
    0x0002f378   0x0002f378   0x00000040   Code   RO         6190    i.serial_tx         nrf_log_backend_uart.o
    0x0002f3b8   0x0002f3b8   0x00000014   Code   RO         1279    i.service_changed_pending_flags_check  gatt_cache_manager.o
    0x0002f3cc   0x0002f3cc   0x00000094   Code   RO         1438    i.service_changed_pending_set  gatts_cache_manager.o
    0x0002f460   0x0002f460   0x00000168   Code   RO         1280    i.service_changed_send_in_evt  gatt_cache_manager.o
    0x0002f5c8   0x0002f5c8   0x00000088   Code   RO          769    i.service_data_encode  ble_advdata.o
    0x0002f650   0x0002f650   0x00000028   Code   RO           15    i.sleep_mode_enter  main.o
    0x0002f678   0x0002f678   0x0000002c   Code   RO         2797    i.sm_ble_evt_handler  security_manager.o
    0x0002f6a4   0x0002f6a4   0x000000a2   Code   RO         2799    i.sm_conn_sec_status_get  security_manager.o
    0x0002f746   0x0002f746   0x00000002   PAD
    0x0002f748   0x0002f748   0x00000058   Code   RO         2800    i.sm_init           security_manager.o
    0x0002f7a0   0x0002f7a0   0x0000000a   Code   RO         2802    i.sm_link_secure    security_manager.o
    0x0002f7aa   0x0002f7aa   0x00000002   PAD
    0x0002f7ac   0x0002f7ac   0x00000044   Code   RO         2803    i.sm_pdb_evt_handler  security_manager.o
    0x0002f7f0   0x0002f7f0   0x00000028   Code   RO         2804    i.sm_sec_is_sufficient  security_manager.o
    0x0002f818   0x0002f818   0x00000034   Code   RO         2806    i.sm_sec_params_set  security_manager.o
    0x0002f84c   0x0002f84c   0x0000002c   Code   RO         2807    i.sm_smd_evt_handler  security_manager.o
    0x0002f878   0x0002f878   0x000000f4   Code   RO         2659    i.smd_ble_evt_handler  security_dispatcher.o
    0x0002f96c   0x0002f96c   0x00000068   Code   RO         2661    i.smd_init          security_dispatcher.o
    0x0002f9d4   0x0002f9d4   0x00000028   Code   RO         2662    i.smd_link_secure   security_dispatcher.o
    0x0002f9fc   0x0002f9fc   0x000000ac   Code   RO         2663    i.smd_params_reply  security_dispatcher.o
    0x0002faa8   0x0002faa8   0x00000040   Code   RO         2808    i.smd_params_reply_perform  security_manager.o
    0x0002fae8   0x0002fae8   0x00000018   Code   RO         2977    i.soc_evt_handler   nrf_drv_clock.o
    0x0002fb00   0x0002fb00   0x00000040   Code   RO         6914    i.softdevice_evt_irq_disable  nrf_sdh.o
    0x0002fb40   0x0002fb40   0x00000058   Code   RO         6915    i.softdevices_evt_irq_enable  nrf_sdh.o
    0x0002fb98   0x0002fb98   0x0000000c   Code   RO         4418    i.sortlist_pop      app_timer2.o
    0x0002fba4   0x0002fba4   0x00000030   Code   RO         4159    i.state_set         app_button.o
    0x0002fbd4   0x0002fbd4   0x00000098   Code   RO         6321    i.std_n             nrf_log_frontend.o
    0x0002fc6c   0x0002fc6c   0x0000006c   Code   RO         1281    i.store_car_value   gatt_cache_manager.o
    0x0002fcd8   0x0002fcd8   0x00000098   Code   RO         4419    i.timer_expire      app_timer2.o
    0x0002fd70   0x0002fd70   0x00000080   Code   RO         4420    i.timer_req_process  app_timer2.o
    0x0002fdf0   0x0002fdf0   0x00000038   Code   RO         4421    i.timer_req_schedule  app_timer2.o
    0x0002fe28   0x0002fe28   0x00000018   Code   RO         4160    i.timer_start       app_button.o
    0x0002fe40   0x0002fe40   0x00000020   Code   RO         3826    i.tx_byte           nrfx_uart.o
    0x0002fe60   0x0002fe60   0x0000001a   Code   RO         3827    i.tx_done_event     nrfx_uart.o
    0x0002fe7a   0x0002fe7a   0x0000001a   Code   RO         4011    i.tx_done_event     nrfx_uarte.o
    0x0002fe94   0x0002fe94   0x00000030   Code   RO         3115    i.uart_evt_handler  nrf_drv_uart.o
    0x0002fec4   0x0002fec4   0x0000000c   Code   RO         6191    i.uart_evt_handler  nrf_log_backend_uart.o
    0x0002fed0   0x0002fed0   0x00000050   Code   RO         6192    i.uart_init         nrf_log_backend_uart.o
    0x0002ff20   0x0002ff20   0x0000012a   Code   RO         3828    i.uart_irq_handler  nrfx_uart.o
    0x0003004a   0x0003004a   0x00000002   PAD
    0x0003004c   0x0003004c   0x00000030   Code   RO         3116    i.uarte_evt_handler  nrf_drv_uart.o
    0x0003007c   0x0003007c   0x00000112   Code   RO         4012    i.uarte_irq_handler  nrfx_uarte.o
    0x0003018e   0x0003018e   0x0000000a   Code   RO          770    i.uint16_encode     ble_advdata.o
    0x00030198   0x00030198   0x00000020   Code   RO         5664    i.uninit            nrf_fstorage_sd.o
    0x000301b8   0x000301b8   0x000000b4   Code   RO         5528    i.unsigned_print    nrf_fprintf_format.o
    0x0003026c   0x0003026c   0x00000030   Code   RO         1282    i.update_pending_flags_check  gatt_cache_manager.o
    0x0003029c   0x0003029c   0x00000068   Code   RO          965    i.update_timeout_handler  ble_conn_params.o
    0x00030304   0x00030304   0x00000018   Code   RO          877    i.use_whitelist     ble_advertising.o
    0x0003031c   0x0003031c   0x0000000c   Code   RO         1052    i.user_flag_is_acquired  ble_conn_state.o
    0x00030328   0x00030328   0x00000024   Code   RO         1798    i.user_mem_reply    nrf_ble_qwr.o
    0x0003034c   0x0003034c   0x00000020   Code   RO         4161    i.usr_event         app_button.o
    0x0003036c   0x0003036c   0x00000030   Code   RO          771    i.uuid_list_encode  ble_advdata.o
    0x0003039c   0x0003039c   0x0000009e   Code   RO          772    i.uuid_list_sized_encode  ble_advdata.o
    0x0003043a   0x0003043a   0x0000003a   Code   RO          528    i.wakeup_button_cfg  bsp.o
    0x00030474   0x00030474   0x00000004   Code   RO         5665    i.wmap              nrf_fstorage_sd.o
    0x00030478   0x00030478   0x00000050   Code   RO         5666    i.write             nrf_fstorage_sd.o
    0x000304c8   0x000304c8   0x0000014c   Code   RO         1989    i.write_buf_store   peer_database.o
    0x00030614   0x00030614   0x00000034   Code   RO         1990    i.write_buffer_record_find  peer_database.o
    0x00030648   0x00030648   0x00000030   Code   RO         1991    i.write_buffer_record_find_next  peer_database.o
    0x00030678   0x00030678   0x0000001c   Code   RO         1992    i.write_buffer_record_invalidate  peer_database.o
    0x00030694   0x00030694   0x0000002c   Code   RO         1993    i.write_buffer_record_release  peer_database.o
    0x000306c0   0x000306c0   0x000000f4   Code   RO         4859    i.write_enqueue     fds.o
    0x000307b4   0x000307b4   0x000000f8   Code   RO         4860    i.write_execute     fds.o
    0x000308ac   0x000308ac   0x00000018   Code   RO         4861    i.write_space_free  fds.o
    0x000308c4   0x000308c4   0x00000060   Code   RO         4862    i.write_space_reserve  fds.o
    0x00030924   0x00030924   0x00000008   Data   RO          415    .constdata          boards.o
    0x0003092c   0x0003092c   0x0000002c   Data   RO          530    .constdata          bsp.o
    0x00030958   0x00030958   0x0000006c   Data   RO         1283    .constdata          gatt_cache_manager.o
    0x000309c4   0x000309c4   0x00000004   Data   RO         1439    .constdata          gatts_cache_manager.o
    0x000309c8   0x000309c8   0x00000010   Data   RO         1440    .constdata          gatts_cache_manager.o
    0x000309d8   0x000309d8   0x00000004   Data   RO         1441    .constdata          gatts_cache_manager.o
    0x000309dc   0x000309dc   0x00000008   Data   RO         1548    .constdata          id_manager.o
    0x000309e4   0x000309e4   0x00000016   Data   RO         1704    .constdata          nrf_ble_gatt.o
    0x000309fa   0x000309fa   0x00000002   PAD
    0x000309fc   0x000309fc   0x00000018   Data   RO         1855    .constdata          peer_data_storage.o
    0x00030a14   0x00030a14   0x00000010   Data   RO         1995    .constdata          peer_database.o
    0x00030a24   0x00030a24   0x0000002c   Data   RO         2235    .constdata          peer_manager.o
    0x00030a50   0x00030a50   0x00000014   Data   RO         2513    .constdata          peer_manager_handler.o
    0x00030a64   0x00030a64   0x00000078   Data   RO         2665    .constdata          security_dispatcher.o
    0x00030adc   0x00030adc   0x00000008   Data   RO         2809    .constdata          security_manager.o
    0x00030ae4   0x00030ae4   0x00000004   Data   RO         3491    .constdata          nrfx_gpiote.o
    0x00030ae8   0x00030ae8   0x00000004   Data   RO         3831    .constdata          nrfx_uart.o
    0x00030aec   0x00030aec   0x00000004   Data   RO         4015    .constdata          nrfx_uarte.o
    0x00030af0   0x00030af0   0x00000008   Data   RO         4163    .constdata          app_button.o
    0x00030af8   0x00030af8   0x00000014   Data   RO         4424    .constdata          app_timer2.o
    0x00030b0c   0x00030b0c   0x00000004   PAD
    0x00030b10   0x00030b10   0x00000006   Data   RO         4664    .constdata          drv_rtc.o
    0x00030b16   0x00030b16   0x00000002   PAD
    0x00030b18   0x00030b18   0x00000018   Data   RO         4865    .constdata          fds.o
    0x00030b30   0x00030b30   0x00000010   Data   RO         5529    .constdata          nrf_fprintf_format.o
    0x00030b40   0x00030b40   0x0000005e   Data   RO         5575    .constdata          nrf_fstorage.o
    0x00030b9e   0x00030b9e   0x00000002   PAD
    0x00030ba0   0x00030ba0   0x00000010   Data   RO         5669    .constdata          nrf_fstorage_sd.o
    0x00030bb0   0x00030bb0   0x00000020   Data   RO         5670    .constdata          nrf_fstorage_sd.o
    0x00030bd0   0x00030bd0   0x00000018   Data   RO         5848    .constdata          nrf_pwr_mgmt.o
    0x00030be8   0x00030be8   0x0000000c   Data   RO         5849    .constdata          nrf_pwr_mgmt.o
    0x00030bf4   0x00030bf4   0x0000013c   Data   RO         6068    .constdata          nrf_strerror.o
    0x00030d30   0x00030d30   0x0000000c   Data   RO         6194    .constdata          nrf_log_backend_uart.o
    0x00030d3c   0x00030d3c   0x00000020   Data   RO         6195    .constdata          nrf_log_backend_uart.o
    0x00030d5c   0x00030d5c   0x0000000c   Data   RO         6326    .constdata          nrf_log_frontend.o
    0x00030d68   0x00030d68   0x00000010   Data   RO         6916    .constdata          nrf_sdh.o
    0x00030d78   0x00030d78   0x00000028   Data   RO         6917    .constdata          nrf_sdh.o
    0x00030da0   0x00030da0   0x00000010   Data   RO         6918    .constdata          nrf_sdh.o
    0x00030db0   0x00030db0   0x00000010   Data   RO         6919    .constdata          nrf_sdh.o
    0x00030dc0   0x00030dc0   0x00000020   Data   RO         7027    .constdata          nrf_sdh_ble.o
    0x00030de0   0x00030de0   0x00000010   Data   RO         7028    .constdata          nrf_sdh_ble.o
    0x00030df0   0x00030df0   0x00000010   Data   RO         7078    .constdata          nrf_sdh_soc.o
    0x00030e00   0x00030e00   0x0000000c   Data   RO         7079    .constdata          nrf_sdh_soc.o
    0x00030e0c   0x00030e0c   0x00000081   Data   RO         7193    .constdata          mc_w.l(ctype_o.o)
    0x00030e8d   0x00030e8d   0x00000003   PAD
    0x00030e90   0x00030e90   0x00000004   Data   RO         7194    .constdata          mc_w.l(ctype_o.o)
    0x00030e94   0x00030e94   0x000001a4   Data   RO         1284    .conststring        gatt_cache_manager.o
    0x00031038   0x00031038   0x0000019c   Data   RO         1442    .conststring        gatts_cache_manager.o
    0x000311d4   0x000311d4   0x000000a2   Data   RO         1705    .conststring        nrf_ble_gatt.o
    0x00031276   0x00031276   0x00000002   PAD
    0x00031278   0x00031278   0x000000e8   Data   RO         1856    .conststring        peer_data_storage.o
    0x00031360   0x00031360   0x00000180   Data   RO         1996    .conststring        peer_database.o
    0x000314e0   0x000314e0   0x00000090   Data   RO         2236    .conststring        peer_manager.o
    0x00031570   0x00031570   0x0000030f   Data   RO         2514    .conststring        peer_manager_handler.o
    0x0003187f   0x0003187f   0x00000001   PAD
    0x00031880   0x00031880   0x000002b2   Data   RO         2666    .conststring        security_dispatcher.o
    0x00031b32   0x00031b32   0x00000002   PAD
    0x00031b34   0x00031b34   0x0000017b   Data   RO         2810    .conststring        security_manager.o
    0x00031caf   0x00031caf   0x00000001   PAD
    0x00031cb0   0x00031cb0   0x0000004f   Data   RO         5576    .conststring        nrf_fstorage.o
    0x00031cff   0x00031cff   0x00000001   PAD
    0x00031d00   0x00031d00   0x000003eb   Data   RO         6069    .conststring        nrf_strerror.o
    0x000320eb   0x000320eb   0x00000001   PAD
    0x000320ec   0x000320ec   0x00000066   Data   RO         6493    .conststring        nrf_log_str_formatter.o
    0x00032152   0x00032152   0x00000002   PAD
    0x00032154   0x00032154   0x00000188   Data   RO         7029    .conststring        nrf_sdh_ble.o
    0x000322dc   0x000322dc   0x00000011   Data   RO         1285    .conststrlit        gatt_cache_manager.o
    0x000322ed   0x000322ed   0x00000003   PAD
    0x000322f0   0x000322f0   0x00000012   Data   RO         1443    .conststrlit        gatts_cache_manager.o
    0x00032302   0x00032302   0x00000002   PAD
    0x00032304   0x00032304   0x00000010   Data   RO         1550    .conststrlit        id_manager.o
    0x00032314   0x00032314   0x0000000d   Data   RO         1706    .conststrlit        nrf_ble_gatt.o
    0x00032321   0x00032321   0x00000003   PAD
    0x00032324   0x00032324   0x00000011   Data   RO         1857    .conststrlit        peer_data_storage.o
    0x00032335   0x00032335   0x00000003   PAD
    0x00032338   0x00032338   0x00000011   Data   RO         1997    .conststrlit        peer_database.o
    0x00032349   0x00032349   0x00000003   PAD
    0x0003234c   0x0003234c   0x0000000d   Data   RO         2237    .conststrlit        peer_manager.o
    0x00032359   0x00032359   0x00000003   PAD
    0x0003235c   0x0003235c   0x00000015   Data   RO         2517    .conststrlit        peer_manager_handler.o
    0x00032371   0x00032371   0x00000003   PAD
    0x00032374   0x00032374   0x00000011   Data   RO         2667    .conststrlit        security_dispatcher.o
    0x00032385   0x00032385   0x00000003   PAD
    0x00032388   0x00032388   0x00000010   Data   RO         2811    .conststrlit        security_manager.o
    0x00032398   0x00032398   0x00000006   Data   RO         2983    .conststrlit        nrf_drv_clock.o
    0x0003239e   0x0003239e   0x00000002   PAD
    0x000323a0   0x000323a0   0x00000006   Data   RO         3322    .conststrlit        nrfx_clock.o
    0x000323a6   0x000323a6   0x00000002   PAD
    0x000323a8   0x000323a8   0x00000007   Data   RO         3495    .conststrlit        nrfx_gpiote.o
    0x000323af   0x000323af   0x00000001   PAD
    0x000323b0   0x000323b0   0x00000004   Data   RO         3754    .conststrlit        nrfx_prs.o
    0x000323b4   0x000323b4   0x00000005   Data   RO         3834    .conststrlit        nrfx_uart.o
    0x000323b9   0x000323b9   0x00000003   PAD
    0x000323bc   0x000323bc   0x00000006   Data   RO         4018    .conststrlit        nrfx_uarte.o
    0x000323c2   0x000323c2   0x00000002   PAD
    0x000323c4   0x000323c4   0x0000000b   Data   RO         4164    .conststrlit        app_button.o
    0x000323cf   0x000323cf   0x00000001   PAD
    0x000323d0   0x000323d0   0x0000000a   Data   RO         4425    .conststrlit        app_timer2.o
    0x000323da   0x000323da   0x00000002   PAD
    0x000323dc   0x000323dc   0x0000000d   Data   RO         5577    .conststrlit        nrf_fstorage.o
    0x000323e9   0x000323e9   0x00000003   PAD
    0x000323ec   0x000323ec   0x00000009   Data   RO         5850    .conststrlit        nrf_pwr_mgmt.o
    0x000323f5   0x000323f5   0x00000003   PAD
    0x000323f8   0x000323f8   0x00000009   Data   RO         6015    .conststrlit        nrf_sortlist.o
    0x00032401   0x00032401   0x00000003   PAD
    0x00032404   0x00032404   0x00000011   Data   RO         6260    .conststrlit        nrf_log_default_backends.o
    0x00032415   0x00032415   0x00000003   PAD
    0x00032418   0x00032418   0x00000004   Data   RO         6327    .conststrlit        nrf_log_frontend.o
    0x0003241c   0x0003241c   0x00000008   Data   RO         6920    .conststrlit        nrf_sdh.o
    0x00032424   0x00032424   0x0000000c   Data   RO         7030    .conststrlit        nrf_sdh_ble.o
    0x00032430   0x00032430   0x0000000c   Data   RO         7080    .conststrlit        nrf_sdh_soc.o
    0x0003243c   0x0003243c   0x00000020   Data   RO         7254    Region$$Table       anon$$obj.o
    0x0003245c   0x0003245c   0x00000010   Data   RO         6262    log_backends        nrf_log_default_backends.o
    0x0003246c   0x0003246c   0x00000008   Data   RO         1287    log_const_data      gatt_cache_manager.o
    0x00032474   0x00032474   0x00000008   Data   RO         1445    log_const_data      gatts_cache_manager.o
    0x0003247c   0x0003247c   0x00000008   Data   RO         1552    log_const_data      id_manager.o
    0x00032484   0x00032484   0x00000008   Data   RO         1707    log_const_data      nrf_ble_gatt.o
    0x0003248c   0x0003248c   0x00000008   Data   RO         1859    log_const_data      peer_data_storage.o
    0x00032494   0x00032494   0x00000008   Data   RO         1999    log_const_data      peer_database.o
    0x0003249c   0x0003249c   0x00000008   Data   RO         2239    log_const_data      peer_manager.o
    0x000324a4   0x000324a4   0x00000008   Data   RO         2520    log_const_data      peer_manager_handler.o
    0x000324ac   0x000324ac   0x00000008   Data   RO         2669    log_const_data      security_dispatcher.o
    0x000324b4   0x000324b4   0x00000008   Data   RO         2813    log_const_data      security_manager.o
    0x000324bc   0x000324bc   0x00000008   Data   RO         2984    log_const_data      nrf_drv_clock.o
    0x000324c4   0x000324c4   0x00000008   Data   RO         3324    log_const_data      nrfx_clock.o
    0x000324cc   0x000324cc   0x00000008   Data   RO         3496    log_const_data      nrfx_gpiote.o
    0x000324d4   0x000324d4   0x00000008   Data   RO         3756    log_const_data      nrfx_prs.o
    0x000324dc   0x000324dc   0x00000008   Data   RO         3835    log_const_data      nrfx_uart.o
    0x000324e4   0x000324e4   0x00000008   Data   RO         4019    log_const_data      nrfx_uarte.o
    0x000324ec   0x000324ec   0x00000008   Data   RO         4167    log_const_data      app_button.o
    0x000324f4   0x000324f4   0x00000008   Data   RO         4428    log_const_data      app_timer2.o
    0x000324fc   0x000324fc   0x00000008   Data   RO         5578    log_const_data      nrf_fstorage.o
    0x00032504   0x00032504   0x00000008   Data   RO         5852    log_const_data      nrf_pwr_mgmt.o
    0x0003250c   0x0003250c   0x00000008   Data   RO         6016    log_const_data      nrf_sortlist.o
    0x00032514   0x00032514   0x00000008   Data   RO         6331    log_const_data      nrf_log_frontend.o
    0x0003251c   0x0003251c   0x00000008   Data   RO         6922    log_const_data      nrf_sdh.o
    0x00032524   0x00032524   0x00000008   Data   RO         7032    log_const_data      nrf_sdh_ble.o
    0x0003252c   0x0003252c   0x00000008   Data   RO         7081    log_const_data      nrf_sdh_soc.o
    0x00032534   0x00032534   0x00000014   Data   RO         6332    nrf_balloc          nrf_log_frontend.o
    0x00032548   0x00032548   0x00000008   Data   RO         1054    sdh_ble_observers0  ble_conn_state.o
    0x00032550   0x00032550   0x00000010   Data   RO           18    sdh_ble_observers1  main.o
    0x00032560   0x00032560   0x00000008   Data   RO          636    sdh_ble_observers1  bsp_btn_ble.o
    0x00032568   0x00032568   0x00000008   Data   RO          968    sdh_ble_observers1  ble_conn_params.o
    0x00032570   0x00032570   0x00000008   Data   RO         2240    sdh_ble_observers1  peer_manager.o
    0x00032578   0x00032578   0x00000008   Data   RO           19    sdh_ble_observers2  main.o
    0x00032580   0x00032580   0x00000008   Data   RO           20    sdh_ble_observers3  main.o
    0x00032588   0x00032588   0x00000008   Data   RO         5672    sdh_req_observers0  nrf_fstorage_sd.o
    0x00032590   0x00032590   0x00000008   Data   RO         2985    sdh_soc_observers0  nrf_drv_clock.o
    0x00032598   0x00032598   0x00000008   Data   RO         5673    sdh_soc_observers0  nrf_fstorage_sd.o
    0x000325a0   0x000325a0   0x00000008   Data   RO         7033    sdh_stack_observers0  nrf_sdh_ble.o
    0x000325a8   0x000325a8   0x00000008   Data   RO         7082    sdh_stack_observers0  nrf_sdh_soc.o
    0x000325b0   0x000325b0   0x00000008   Data   RO         2986    sdh_state_observers0  nrf_drv_clock.o
    0x000325b8   0x000325b8   0x00000008   Data   RO         5674    sdh_state_observers0  nrf_fstorage_sd.o


    Execution Region RW_IRAM1 (Exec base: 0x20002250, Load base: 0x000325c0, Size: 0x00003358, Max: 0x0000ddb0, ABSOLUTE, COMPRESSED[0x000000ac])

    Exec Addr    Load Addr    Size         Type   Attr      Idx    E Section Name        Object

    0x20002250   COMPRESSED   0x00000006   Data   RW           17    .data               main.o
    0x20002256   COMPRESSED   0x00000002   PAD
    0x20002258   COMPRESSED   0x00000010   Data   RW          531    .data               bsp.o
    0x20002268   COMPRESSED   0x00000020   Data   RW          532    .data               bsp.o
    0x20002288   COMPRESSED   0x00000020   Data   RW          533    .data               bsp.o
    0x200022a8   COMPRESSED   0x00000020   Data   RW          534    .data               bsp.o
    0x200022c8   COMPRESSED   0x00000008   Data   RW          635    .data               bsp_btn_ble.o
    0x200022d0   COMPRESSED   0x00000008   Data   RW          967    .data               ble_conn_params.o
    0x200022d8   COMPRESSED   0x00000010   Data   RW         1286    .data               gatt_cache_manager.o
    0x200022e8   COMPRESSED   0x0000000c   Data   RW         1444    .data               gatts_cache_manager.o
    0x200022f4   COMPRESSED   0x0000000c   Data   RW         1858    .data               peer_data_storage.o
    0x20002300   COMPRESSED   0x00000008   Data   RW         1998    .data               peer_database.o
    0x20002308   COMPRESSED   0x00000010   Data   RW         2238    .data               peer_manager.o
    0x20002318   COMPRESSED   0x00000060   Data   RW         2518    .data               peer_manager_handler.o
    0x20002378   COMPRESSED   0x00000005   Data   RW         2668    .data               security_dispatcher.o
    0x2000237d   COMPRESSED   0x00000003   PAD
    0x20002380   COMPRESSED   0x00000015   Data   RW         2812    .data               security_manager.o
    0x20002395   COMPRESSED   0x00000003   PAD
    0x20002398   COMPRESSED   0x0000000c   Data   RW         3117    .data               nrf_drv_uart.o
    0x200023a4   COMPRESSED   0x00000008   Data   RW         3323    .data               nrfx_clock.o
    0x200023ac   COMPRESSED   0x00000008   Data   RW         3755    .data               nrfx_prs.o
    0x200023b4   COMPRESSED   0x00000004   PAD
    0x200023b8   COMPRESSED   0x00000018   Data   RW         4165    .data               app_button.o
    0x200023d0   COMPRESSED   0x00000020   Data   RW         4166    .data               app_button.o
    0x200023f0   COMPRESSED   0x00000020   Data   RW         4426    .data               app_timer2.o
    0x20002410   COMPRESSED   0x00000004   Data   RW         4427    .data               app_timer2.o
    0x20002414   COMPRESSED   0x0000000c   Data   RW         4665    .data               drv_rtc.o
    0x20002420   COMPRESSED   0x00000030   Data   RW         4866    .data               fds.o
    0x20002450   COMPRESSED   0x00000008   Data   RW         5671    .data               nrf_fstorage_sd.o
    0x20002458   COMPRESSED   0x00000008   Data   RW         5851    .data               nrf_pwr_mgmt.o
    0x20002460   COMPRESSED   0x00000018   Data   RW         6196    .data               nrf_log_backend_uart.o
    0x20002478   COMPRESSED   0x00000008   Data   RW         6261    .data               nrf_log_default_backends.o
    0x20002480   COMPRESSED   0x00000004   Data   RW         6328    .data               nrf_log_frontend.o
    0x20002484   COMPRESSED   0x00000008   Data   RW         6329    .data               nrf_log_frontend.o
    0x2000248c   COMPRESSED   0x00000008   Data   RW         6330    .data               nrf_log_frontend.o
    0x20002494   COMPRESSED   0x00000040   Data   RW         6494    .data               nrf_log_str_formatter.o
    0x200024d4   COMPRESSED   0x00000003   Data   RW         6921    .data               nrf_sdh.o
    0x200024d7   COMPRESSED   0x00000001   Data   RW         7031    .data               nrf_sdh_ble.o
    0x200024d8   COMPRESSED   0x00000004   Data   RW         7123    .data               system_nrf52.o
    0x200024dc   COMPRESSED   0x00000014   Data   RW         4867    fs_data             fds.o
    0x200024f0        -       0x00000454   Zero   RW           16    .bss                main.o
    0x20002944        -       0x0000000c   Zero   RW          529    .bss                bsp.o
    0x20002950        -       0x00000050   Zero   RW          966    .bss                ble_conn_params.o
    0x200029a0        -       0x0000007c   Zero   RW         1053    .bss                ble_conn_state.o
    0x20002a1c        -       0x000000d8   Zero   RW         1547    .bss                id_manager.o
    0x20002af4        -       0x00000180   Zero   RW         1994    .bss                peer_database.o
    0x20002c74        -       0x00000040   Zero   RW         2110    .bss                peer_id.o
    0x20002cb4        -       0x0000000c   Zero   RW         2234    .bss                peer_manager.o
    0x20002cc0        -       0x00000040   Zero   RW         2664    .bss                security_dispatcher.o
    0x20002d00        -       0x00000014   Zero   RW         2978    .bss                nrf_drv_clock.o
    0x20002d14        -       0x0000005c   Zero   RW         3490    .bss                nrfx_gpiote.o
    0x20002d70        -       0x0000002c   Zero   RW         3829    .bss                nrfx_uart.o
    0x20002d9c        -       0x00000024   Zero   RW         4013    .bss                nrfx_uarte.o
    0x20002dc0        -       0x00000010   Zero   RW         4162    .bss                app_button.o
    0x20002dd0        -       0x00000010   Zero   RW         4422    .bss                app_timer2.o
    0x20002de0        -       0x00000058   Zero   RW         4423    .bss                app_timer2.o
    0x20002e38        -       0x0000000c   Zero   RW         4552    .bss                app_util_platform.o
    0x20002e44        -       0x00000010   Zero   RW         4863    .bss                fds.o
    0x20002e54        -       0x000000e0   Zero   RW         4864    .bss                fds.o
    0x20002f34        -       0x00000010   Zero   RW         5667    .bss                nrf_fstorage_sd.o
    0x20002f44        -       0x000000a0   Zero   RW         5668    .bss                nrf_fstorage_sd.o
    0x20002fe4        -       0x0000000c   Zero   RW         5847    .bss                nrf_pwr_mgmt.o
    0x20002ff0        -       0x00000040   Zero   RW         6193    .bss                nrf_log_backend_uart.o
    0x20003030        -       0x000000c0   Zero   RW         6322    .bss                nrf_log_frontend.o
    0x200030f0        -       0x00000080   Zero   RW         6323    .bss                nrf_log_frontend.o
    0x20003170        -       0x00000018   Zero   RW         6324    .bss                nrf_log_frontend.o
    0x20003188        -       0x00000420   Zero   RW         6325    .bss                nrf_log_frontend.o
    0x200035a8        -       0x00002000   Zero   RW         7109    STACK               arm_startup_nrf52.o


==============================================================================

Image component sizes


      Code (inc. data)   RO Data    RW Data    ZI Data      Debug   Object Name

       664         66         27         56         16      18026   app_button.o
        22          0          0          0          0       2573   app_error.o
       132         46          0          0          0      34205   app_error_weak.o
         0          0          0          0          0      37206   app_scheduler.o
      1052         90         38         36        104      17505   app_timer2.o
       124         14          0          0         12      10798   app_util_platform.o
        36          8        512          0       8192        944   arm_startup_nrf52.o
      1338          0          0          0          0      53700   ble_advdata.o
      1076          6          0          0          0      11207   ble_advertising.o
       636         44          8          8         80       9491   ble_conn_params.o
       772         62          8          0        124      16033   ble_conn_state.o
         8          0          0          0          0       1514   ble_srv_common.o
       358         40          8          0          0      14727   boards.o
       998         84         44        112         12      16311   bsp.o
       252         10          8          8          0       4912   bsp_btn_ble.o
       704         76          6         12          0      49021   drv_rtc.o
      3864        348         24         68        240      51770   fds.o
      2160        552        553         16          0      34551   gatt_cache_manager.o
       842        138        462         12          0      17283   gatts_cache_manager.o
       946         34         32          0        216      17424   id_manager.o
      1138        200         32          6       1108     196898   main.o
       342          0          0          0          0       6878   nrf_atfifo.o
       170          0          0          0          0       4928   nrf_atflags.o
       332          0          0          0          0      10370   nrf_atomic.o
       164          0          0          0          0       3704   nrf_balloc.o
       922        272        205          0          0      37511   nrf_ble_gatt.o
       276          0          0          0          0       4813   nrf_ble_qwr.o
       312         36         30          0         20      43916   nrf_drv_clock.o
       200         26          0         12          0      18004   nrf_drv_uart.o
        50          0          0          0          0       3677   nrf_fprintf.o
       866          4         16          0          0       6658   nrf_fprintf_format.o
       972        432        194          0          0       8212   nrf_fstorage.o
       798         82         72          8        176      16371   nrf_fstorage_sd.o
       200          0          0          0          0      11765   nrf_log_backend_serial.o
       232         44         44         24         64      16134   nrf_log_backend_uart.o
        28          4         33          8          0       3417   nrf_log_default_backends.o
      1522        128         44         20       1400      32587   nrf_log_frontend.o
       570        108        102         64          0       5780   nrf_log_str_formatter.o
       346          0          0          0          0       9767   nrf_memobj.o
       108         16         53          8         12      40122   nrf_pwr_mgmt.o
        28          0          0          0          0       2439   nrf_ringbuf.o
       560         60        104          3          0      45660   nrf_sdh.o
       672        232        468          1          0       5973   nrf_sdh_ble.o
        60          4         56          0          0       2524   nrf_sdh_soc.o
        78          0          0          0          0       2852   nrf_section_iter.o
        84          0         17          0          0       4217   nrf_sortlist.o
        76         10       1319          0          0       2815   nrf_strerror.o
       242         32         14          8          0      47396   nrfx_clock.o
      1268        106         19          0         92      66393   nrfx_gpiote.o
       112         16         12          8          0       4604   nrfx_prs.o
      1310         42         17          0         44      31009   nrfx_uart.o
      1312         42         18          0         36      26471   nrfx_uarte.o
      1172        144        281         12          0      18646   peer_data_storage.o
      1434        260        425          8        384      19906   peer_database.o
       314         38          0          0         64       9415   peer_id.o
      1770        450        217         16         12      20743   peer_manager.o
      1928        882        832         96          0      10443   peer_manager_handler.o
       234          0          0          0          0       5575   pm_buffer.o
      1944        268        835          5         64      27559   security_dispatcher.o
      1372        122        411         21          0      55322   security_manager.o
       752         78          0          4          0      32397   system_nrf52.o

    ----------------------------------------------------------------------
     42332       5756       7700        672      12472    1343072   Object Totals
         0          0         32          0          0          0   (incl. Generated)
        78          0         68         12          0          0   (incl. Padding)

    ----------------------------------------------------------------------

      Code (inc. data)   RO Data    RW Data    ZI Data      Debug   Library Member Name

        86          0          0          0          0          0   __dczerorl2.o
         8          4        133          0          0         68   ctype_o.o
         0          0          0          0          0          0   entry.o
         0          0          0          0          0          0   entry10a.o
         0          0          0          0          0          0   entry11a.o
         8          4          0          0          0          0   entry2.o
         4          0          0          0          0          0   entry5.o
         0          0          0          0          0          0   entry7b.o
         0          0          0          0          0          0   entry8b.o
         8          4          0          0          0          0   entry9a.o
        30          0          0          0          0          0   handlers.o
        36          8          0          0          0         68   init.o
        30          0          0          0          0         68   llshl.o
        32          0          0          0          0         68   llushr.o
        26          0          0          0          0         80   memcmp.o
        36          0          0          0          0         68   memcpya.o
        36          0          0          0          0        108   memseta.o
        14          0          0          0          0         68   strlen.o
        98          0          0          0          0         92   uldiv.o

    ----------------------------------------------------------------------
       456         20        136          0          0        688   Library Totals
         4          0          3          0          0          0   (incl. Padding)

    ----------------------------------------------------------------------

      Code (inc. data)   RO Data    RW Data    ZI Data      Debug   Library Name

       452         20        133          0          0        688   mc_w.l

    ----------------------------------------------------------------------
       456         20        136          0          0        688   Library Totals

    ----------------------------------------------------------------------

==============================================================================


      Code (inc. data)   RO Data    RW Data    ZI Data      Debug   

     42788       5776       7836        672      12472    1290836   Grand Totals
     42788       5776       7836        172      12472    1290836   ELF Image Totals (compressed)
     42788       5776       7836        172          0          0   ROM Totals

==============================================================================

    Total RO  Size (Code + RO Data)                50624 (  49.44kB)
    Total RW  Size (RW Data + ZI Data)             13144 (  12.84kB)
    Total ROM Size (Code + RO Data + RW Data)      50796 (  49.61kB)

==============================================================================

